
====================================================================
CLOUD CONFIGURATION UPDATE RECEIVED
====================================================================
Configuration received, but no effective values changed.
====================================================================
============================================================================
Azure + ThingsBoard Edge-Cloud Environmental Control System
Production Architecture V5
Edge / Cloud communication decoupled
SQLite dual-cloud queue enabled
============================================================================

Local edge system starting...
Cloud connection will be handled by background worker.

Active local configuration:
{'highTemperatureThreshold': 29.0, 'autoMode': True, 'buzzerEnabled': True, 'fanEnabled': True}

IMPORTANT:
Physical fan must be OFF before starting this program.
Background cloud sync: STARTED

--- Dual-cloud sync ---
Background cloud synchronization started.
Main edge-control loop started.
Press Ctrl+C to stop.
============================================================================


############################################################################
[2026-08-12 14:01:43] EDGE CYCLE
############################################################################

Azure queue: empty
ThingsBoard queue: empty
Sync result:
Azure      : success=0, failed=0
ThingsBoard: success=0, failed=0
Database   : total=0, azurePending=0, thingsboardPending=0
  DHT11 attempt 1/5 failed: A full buffer was not returned. Try again.
  DHT11 attempt 2/5 failed: A full buffer was not returned. Try again.

--- Dual-cloud sync ---
Azure queue: empty
ThingsBoard queue: empty

--- Edge status ---
Temperature : 26.4 °C
Humidity    : 50.0 %
Threshold   : 29.0 °C
State       : NORMAL
LED         : OFF
Buzzer Event: False
Fan Power   : False
Fan Speed   : 1
Oscillation : False
Sync result:
Azure      : success=0, failed=0
ThingsBoard: success=0, failed=0
Database   : total=0, azurePending=0, thingsboardPending=0

SQLite save : SUCCESS (Record 1)

--- Cloud queue status ---
Total records       : 1
Azure pending       : 1
ThingsBoard pending : 1

Next edge cycle in 5 seconds...

--- Dual-cloud sync ---
Azure queue: 1 pending record(s)
Attempting Azure reconnection...


############################################################################
[2026-08-12 14:01:53] EDGE CYCLE
############################################################################
  DHT11 attempt 1/5 failed: A full buffer was not returned. Try again.

====================================================================
CLOUD CONFIGURATION UPDATE RECEIVED
====================================================================
Configuration received, but no effective values changed.
====================================================================
Azure connection: ONLINE
  Azure Record 1: SUCCESS
ThingsBoard queue: 1 pending record(s)
  ThingsBoard Record 1: SUCCESS
Sync result:
Azure      : success=1, failed=0
ThingsBoard: success=1, failed=0
Database   : total=1, azurePending=0, thingsboardPending=0
  DHT11 attempt 2/5 failed: Checksum did not validate. Try again.

--- Edge status ---
Temperature : 26.0 °C
Humidity    : 50.0 %
Threshold   : 29.0 °C
State       : NORMAL
LED         : OFF
Buzzer Event: False
Fan Power   : False
Fan Speed   : 1
Oscillation : False

SQLite save : SUCCESS (Record 2)

--- Cloud queue status ---
Total records       : 2
Azure pending       : 1
ThingsBoard pending : 1

Next edge cycle in 5 seconds...

--- Dual-cloud sync ---
Azure queue: 1 pending record(s)
  Azure Record 2: SUCCESS
ThingsBoard queue: 1 pending record(s)
  ThingsBoard Record 2: SUCCESS
Sync result:
Azure      : success=1, failed=0
ThingsBoard: success=1, failed=0
Database   : total=2, azurePending=0, thingsboardPending=0


############################################################################
[2026-08-12 14:02:03] EDGE CYCLE
############################################################################
  DHT11 attempt 1/5 failed: A full buffer was not returned. Try again.

--- Edge status ---
Temperature : 26.6 °C
Humidity    : 50.0 %
Threshold   : 29.0 °C
State       : NORMAL
LED         : OFF
Buzzer Event: False
Fan Power   : False
Fan Speed   : 1
Oscillation : False

SQLite save : SUCCESS (Record 3)

--- Cloud queue status ---
Total records       : 3
Azure pending       : 1
ThingsBoard pending : 1

Next edge cycle in 5 seconds...

--- Dual-cloud sync ---
Azure queue: 1 pending record(s)
  Azure Record 3: SUCCESS
ThingsBoard queue: 1 pending record(s)
  ThingsBoard Record 3: SUCCESS
Sync result:
Azure      : success=1, failed=0
ThingsBoard: success=1, failed=0
Database   : total=3, azurePending=0, thingsboardPending=0


############################################################################
[2026-08-12 14:02:11] EDGE CYCLE
############################################################################
  DHT11 attempt 1/5 failed: Checksum did not validate. Try again.

--- Dual-cloud sync ---
Azure queue: empty
ThingsBoard queue: empty
Sync result:
Azure      : success=0, failed=0
ThingsBoard: success=0, failed=0
Database   : total=3, azurePending=0, thingsboardPending=0

--- Edge status ---
Temperature : 26.5 °C
Humidity    : 50.0 %
Threshold   : 29.0 °C
State       : NORMAL
LED         : OFF
Buzzer Event: False
Fan Power   : False
Fan Speed   : 1
Oscillation : False

SQLite save : SUCCESS (Record 4)

--- Cloud queue status ---
Total records       : 4
Azure pending       : 1
ThingsBoard pending : 1

Next edge cycle in 5 seconds...

--- Dual-cloud sync ---
Azure queue: 1 pending record(s)


############################################################################
[2026-08-12 14:02:19] EDGE CYCLE
############################################################################

--- Edge status ---
Temperature : 26.0 °C
Humidity    : 50.0 %
Threshold   : 29.0 °C
State       : NORMAL
LED         : OFF
Buzzer Event: False
Fan Power   : False
Fan Speed   : 1
Oscillation : False

SQLite save : SUCCESS (Record 5)

--- Cloud queue status ---
Total records       : 5
Azure pending       : 2
ThingsBoard pending : 2

Next edge cycle in 5 seconds...


############################################################################
[2026-08-12 14:02:24] EDGE CYCLE
############################################################################
  DHT11 attempt 1/5 failed: Checksum did not validate. Try again.
  DHT11 attempt 2/5 failed: Checksum did not validate. Try again.

--- Edge status ---
Temperature : 26.1 °C
Humidity    : 50.0 %
Threshold   : 29.0 °C
State       : NORMAL
LED         : OFF
Buzzer Event: False
Fan Power   : False
Fan Speed   : 1
Oscillation : False

SQLite save : SUCCESS (Record 6)

--- Cloud queue status ---
Total records       : 6
Azure pending       : 3
ThingsBoard pending : 3

Next edge cycle in 5 seconds...


############################################################################
[2026-08-12 14:02:34] EDGE CYCLE
############################################################################

--- Edge status ---
Temperature : 26.3 °C
Humidity    : 50.0 %
Threshold   : 29.0 °C
State       : NORMAL
LED         : OFF
Buzzer Event: False
Fan Power   : False
Fan Speed   : 1
Oscillation : False

SQLite save : SUCCESS (Record 7)

--- Cloud queue status ---
Total records       : 7
Azure pending       : 4
ThingsBoard pending : 4

Next edge cycle in 5 seconds...


############################################################################
[2026-08-12 14:02:40] EDGE CYCLE
############################################################################

--- Edge status ---
Temperature : 26.2 °C
Humidity    : 50.0 %
Threshold   : 29.0 °C
State       : NORMAL
LED         : OFF
Buzzer Event: False
Fan Power   : False
Fan Speed   : 1
Oscillation : False

SQLite save : SUCCESS (Record 8)

--- Cloud queue status ---
Total records       : 8
Azure pending       : 5
ThingsBoard pending : 5

Next edge cycle in 5 seconds...


############################################################################
[2026-08-12 14:02:45] EDGE CYCLE
############################################################################

--- Edge status ---
Temperature : 26.3 °C
Humidity    : 50.0 %
Threshold   : 29.0 °C
State       : NORMAL
LED         : OFF
Buzzer Event: False
Fan Power   : False
Fan Speed   : 1
Oscillation : False

SQLite save : SUCCESS (Record 9)

--- Cloud queue status ---
Total records       : 9
Azure pending       : 6
ThingsBoard pending : 6

Next edge cycle in 5 seconds...


############################################################################
[2026-08-12 14:02:50] EDGE CYCLE
############################################################################
  DHT11 attempt 1/5 failed: Checksum did not validate. Try again.

--- Edge status ---
Temperature : 26.6 °C
Humidity    : 50.0 %
Threshold   : 29.0 °C
State       : NORMAL
LED         : OFF
Buzzer Event: False
Fan Power   : False
Fan Speed   : 1
Oscillation : False

SQLite save : SUCCESS (Record 10)

--- Cloud queue status ---
Total records       : 10
Azure pending       : 7
ThingsBoard pending : 7

Next edge cycle in 5 seconds...


############################################################################
[2026-08-12 14:02:58] EDGE CYCLE
############################################################################

--- Edge status ---
Temperature : 26.0 °C
Humidity    : 50.0 %
Threshold   : 29.0 °C
State       : NORMAL
LED         : OFF
Buzzer Event: False
Fan Power   : False
Fan Speed   : 1
Oscillation : False

SQLite save : SUCCESS (Record 11)

--- Cloud queue status ---
Total records       : 11
Azure pending       : 8
ThingsBoard pending : 8

Next edge cycle in 5 seconds...


############################################################################
[2026-08-12 14:03:04] EDGE CYCLE
############################################################################

--- Edge status ---
Temperature : 26.8 °C
Humidity    : 50.0 %
Threshold   : 29.0 °C
State       : NORMAL
LED         : OFF
Buzzer Event: False
Fan Power   : False
Fan Speed   : 1
Oscillation : False

SQLite save : SUCCESS (Record 12)

--- Cloud queue status ---
Total records       : 12
Azure pending       : 9
ThingsBoard pending : 9

Next edge cycle in 5 seconds...


############################################################################
[2026-08-12 14:03:09] EDGE CYCLE
############################################################################

--- Edge status ---
Temperature : 26.1 °C
Humidity    : 50.0 %
Threshold   : 29.0 °C
State       : NORMAL
LED         : OFF
Buzzer Event: False
Fan Power   : False
Fan Speed   : 1
Oscillation : False

SQLite save : SUCCESS (Record 13)

--- Cloud queue status ---
Total records       : 13
Azure pending       : 10
ThingsBoard pending : 10

Next edge cycle in 5 seconds...


############################################################################
[2026-08-12 14:03:14] EDGE CYCLE
############################################################################
  DHT11 attempt 1/5 failed: Checksum did not validate. Try again.

--- Edge status ---
Temperature : 26.3 °C
Humidity    : 50.0 %
Threshold   : 29.0 °C
State       : NORMAL
LED         : OFF
Buzzer Event: False
Fan Power   : False
Fan Speed   : 1
Oscillation : False

SQLite save : SUCCESS (Record 14)

--- Cloud queue status ---
Total records       : 14
Azure pending       : 11
ThingsBoard pending : 11

Next edge cycle in 5 seconds...


############################################################################
[2026-08-12 14:03:22] EDGE CYCLE
############################################################################
  DHT11 attempt 1/5 failed: Checksum did not validate. Try again.

--- Edge status ---
Temperature : 26.7 °C
Humidity    : 50.0 %
Threshold   : 29.0 °C
State       : NORMAL
LED         : OFF
Buzzer Event: False
Fan Power   : False
Fan Speed   : 1
Oscillation : False

SQLite save : SUCCESS (Record 15)

--- Cloud queue status ---
Total records       : 15
Azure pending       : 12
ThingsBoard pending : 12

Next edge cycle in 5 seconds...


############################################################################
[2026-08-12 14:03:30] EDGE CYCLE
############################################################################

--- Edge status ---
Temperature : 26.8 °C
Humidity    : 50.0 %
Threshold   : 29.0 °C
State       : NORMAL
LED         : OFF
Buzzer Event: False
Fan Power   : False
Fan Speed   : 1
Oscillation : False

SQLite save : SUCCESS (Record 16)

--- Cloud queue status ---
Total records       : 16
Azure pending       : 13
ThingsBoard pending : 13

Next edge cycle in 5 seconds...


############################################################################
[2026-08-12 14:03:35] EDGE CYCLE
############################################################################

--- Edge status ---
Temperature : 26.4 °C
Humidity    : 50.0 %
Threshold   : 29.0 °C
State       : NORMAL
LED         : OFF
Buzzer Event: False
Fan Power   : False
Fan Speed   : 1
Oscillation : False

SQLite save : SUCCESS (Record 17)

--- Cloud queue status ---
Total records       : 17
Azure pending       : 14
ThingsBoard pending : 14

Next edge cycle in 5 seconds...


############################################################################
[2026-08-12 14:03:41] EDGE CYCLE
############################################################################

--- Edge status ---
Temperature : 26.7 °C
Humidity    : 50.0 %
Threshold   : 29.0 °C
State       : NORMAL
LED         : OFF
Buzzer Event: False
Fan Power   : False
Fan Speed   : 1
Oscillation : False

SQLite save : SUCCESS (Record 18)

--- Cloud queue status ---
Total records       : 18
Azure pending       : 15
ThingsBoard pending : 15

Next edge cycle in 5 seconds...


############################################################################
[2026-08-12 14:03:46] EDGE CYCLE
############################################################################

--- Edge status ---
Temperature : 26.4 °C
Humidity    : 50.0 %
Threshold   : 29.0 °C
State       : NORMAL
LED         : OFF
Buzzer Event: False
Fan Power   : False
Fan Speed   : 1
Oscillation : False

SQLite save : SUCCESS (Record 19)

--- Cloud queue status ---
Total records       : 19
Azure pending       : 16
ThingsBoard pending : 16

Next edge cycle in 5 seconds...


############################################################################
[2026-08-12 14:03:51] EDGE CYCLE
############################################################################
  DHT11 attempt 1/5 failed: Checksum did not validate. Try again.

--- Edge status ---
Temperature : 26.1 °C
Humidity    : 50.0 %
Threshold   : 29.0 °C
State       : NORMAL
LED         : OFF
Buzzer Event: False
Fan Power   : False
Fan Speed   : 1
Oscillation : False

SQLite save : SUCCESS (Record 20)

--- Cloud queue status ---
Total records       : 20
Azure pending       : 17
ThingsBoard pending : 17

Next edge cycle in 5 seconds...
ConnectionStateStage: DisconnectEvent received while in unexpected state - ConnectionState.DISCONNECTED
Exception caught in background thread.  Unable to handle.
['azure.iot.device.common.transport_exceptions.ConnectionDroppedError: Unexpected disconnection\n']
Exception caught in background thread.  Unable to handle.
['azure.iot.device.common.transport_exceptions.ConnectionDroppedError: Unexpected disconnection\n']
Exception caught in background thread.  Unable to handle.
['azure.iot.device.common.transport_exceptions.ConnectionFailedError\n']


############################################################################
[2026-08-12 14:03:59] EDGE CYCLE
############################################################################

--- Edge status ---
Temperature : 26.8 °C
Humidity    : 50.0 %
Threshold   : 29.0 °C
State       : NORMAL
LED         : OFF
Buzzer Event: False
Fan Power   : False
Fan Speed   : 1
Oscillation : False

SQLite save : SUCCESS (Record 21)

--- Cloud queue status ---
Total records       : 21
Azure pending       : 18
ThingsBoard pending : 18

Next edge cycle in 5 seconds...
Exception caught in background thread.  Unable to handle.
['azure.iot.device.common.transport_exceptions.ConnectionFailedError\n']


############################################################################
[2026-08-12 14:04:04] EDGE CYCLE
############################################################################

--- Edge status ---
Temperature : 26.9 °C
Humidity    : 50.0 %
Threshold   : 29.0 °C
State       : NORMAL
LED         : OFF
Buzzer Event: False
Fan Power   : False
Fan Speed   : 1
Oscillation : False

SQLite save : SUCCESS (Record 22)

--- Cloud queue status ---
Total records       : 22
Azure pending       : 19
ThingsBoard pending : 19

Next edge cycle in 5 seconds...


############################################################################
[2026-08-12 14:04:10] EDGE CYCLE
############################################################################

--- Edge status ---
Temperature : 26.0 °C
Humidity    : 50.0 %
Threshold   : 29.0 °C
State       : NORMAL
LED         : OFF
Buzzer Event: False
Fan Power   : False
Fan Speed   : 1
Oscillation : False

SQLite save : SUCCESS (Record 23)

--- Cloud queue status ---
Total records       : 23
Azure pending       : 20
ThingsBoard pending : 20

Next edge cycle in 5 seconds...
Exception caught in background thread.  Unable to handle.
['azure.iot.device.common.transport_exceptions.ConnectionFailedError\n']


############################################################################
[2026-08-12 14:04:15] EDGE CYCLE
############################################################################
  DHT11 attempt 1/5 failed: Checksum did not validate. Try again.

--- Edge status ---
Temperature : 26.7 °C
Humidity    : 50.0 %
Threshold   : 29.0 °C
State       : NORMAL
LED         : OFF
Buzzer Event: False
Fan Power   : False
Fan Speed   : 1
Oscillation : False

SQLite save : SUCCESS (Record 24)

--- Cloud queue status ---
Total records       : 24
Azure pending       : 21
ThingsBoard pending : 21

Next edge cycle in 5 seconds...


############################################################################
[2026-08-12 14:04:23] EDGE CYCLE
############################################################################

--- Edge status ---
Temperature : 26.5 °C
Humidity    : 50.0 %
Threshold   : 29.0 °C
State       : NORMAL
LED         : OFF
Buzzer Event: False
Fan Power   : False
Fan Speed   : 1
Oscillation : False

SQLite save : SUCCESS (Record 25)

--- Cloud queue status ---
Total records       : 25
Azure pending       : 22
ThingsBoard pending : 22

Next edge cycle in 5 seconds...
Exception caught in background thread.  Unable to handle.
['azure.iot.device.common.transport_exceptions.ConnectionFailedError\n']


############################################################################
[2026-08-12 14:04:28] EDGE CYCLE
############################################################################

--- Edge status ---
Temperature : 26.6 °C
Humidity    : 50.0 %
Threshold   : 29.0 °C
State       : NORMAL
LED         : OFF
Buzzer Event: False
Fan Power   : False
Fan Speed   : 1
Oscillation : False

SQLite save : SUCCESS (Record 26)

--- Cloud queue status ---
Total records       : 26
Azure pending       : 23
ThingsBoard pending : 23

Next edge cycle in 5 seconds...


############################################################################
[2026-08-12 14:04:34] EDGE CYCLE
############################################################################

--- Edge status ---
Temperature : 26.4 °C
Humidity    : 50.0 %
Threshold   : 29.0 °C
State       : NORMAL
LED         : OFF
Buzzer Event: False
Fan Power   : False
Fan Speed   : 1
Oscillation : False

SQLite save : SUCCESS (Record 27)

--- Cloud queue status ---
Total records       : 27
Azure pending       : 24
ThingsBoard pending : 24

Next edge cycle in 5 seconds...
Exception caught in background thread.  Unable to handle.
['azure.iot.device.common.transport_exceptions.ConnectionFailedError\n']


############################################################################
[2026-08-12 14:04:39] EDGE CYCLE
############################################################################

--- Edge status ---
Temperature : 26.9 °C
Humidity    : 50.0 %
Threshold   : 29.0 °C
State       : NORMAL
LED         : OFF
Buzzer Event: False
Fan Power   : False
Fan Speed   : 1
Oscillation : False

SQLite save : SUCCESS (Record 28)

--- Cloud queue status ---
Total records       : 28
Azure pending       : 25
ThingsBoard pending : 25

Next edge cycle in 5 seconds...
Exception caught in background thread.  Unable to handle.
['azure.iot.device.common.transport_exceptions.ConnectionFailedError\n']


############################################################################
[2026-08-12 14:04:45] EDGE CYCLE
############################################################################
  DHT11 attempt 1/5 failed: Checksum did not validate. Try again.

--- Edge status ---
Temperature : 26.2 °C
Humidity    : 50.0 %
Threshold   : 29.0 °C
State       : NORMAL
LED         : OFF
Buzzer Event: False
Fan Power   : False
Fan Speed   : 1
Oscillation : False

SQLite save : SUCCESS (Record 29)

--- Cloud queue status ---
Total records       : 29
Azure pending       : 26
ThingsBoard pending : 26

Next edge cycle in 5 seconds...


############################################################################
[2026-08-12 14:04:52] EDGE CYCLE
############################################################################

--- Edge status ---
Temperature : 26.7 °C
Humidity    : 50.0 %
Threshold   : 29.0 °C
State       : NORMAL
LED         : OFF
Buzzer Event: False
Fan Power   : False
Fan Speed   : 1
Oscillation : False

SQLite save : SUCCESS (Record 30)

--- Cloud queue status ---
Total records       : 30
Azure pending       : 27
ThingsBoard pending : 27

Next edge cycle in 5 seconds...
Exception caught in background thread.  Unable to handle.
['azure.iot.device.common.transport_exceptions.ConnectionFailedError\n']


############################################################################
[2026-08-12 14:04:58] EDGE CYCLE
############################################################################

--- Edge status ---
Temperature : 26.8 °C
Humidity    : 50.0 %
Threshold   : 29.0 °C
State       : NORMAL
LED         : OFF
Buzzer Event: False
Fan Power   : False
Fan Speed   : 1
Oscillation : False

SQLite save : SUCCESS (Record 31)

--- Cloud queue status ---
Total records       : 31
Azure pending       : 28
ThingsBoard pending : 28

Next edge cycle in 5 seconds...


############################################################################
[2026-08-12 14:05:03] EDGE CYCLE
############################################################################
  DHT11 attempt 1/5 failed: Checksum did not validate. Try again.
Exception caught in background thread.  Unable to handle.
['azure.iot.device.common.transport_exceptions.ConnectionFailedError\n']
  DHT11 attempt 2/5 failed: Checksum did not validate. Try again.

--- Edge status ---
Temperature : 26.2 °C
Humidity    : 50.0 %
Threshold   : 29.0 °C
State       : NORMAL
LED         : OFF
Buzzer Event: False
Fan Power   : False
Fan Speed   : 1
Oscillation : False

SQLite save : SUCCESS (Record 32)

--- Cloud queue status ---
Total records       : 32
Azure pending       : 29
ThingsBoard pending : 29

Next edge cycle in 5 seconds...


############################################################################
[2026-08-12 14:05:13] EDGE CYCLE
############################################################################

--- Edge status ---
Temperature : 26.3 °C
Humidity    : 50.0 %
Threshold   : 29.0 °C
State       : NORMAL
LED         : OFF
Buzzer Event: False
Fan Power   : False
Fan Speed   : 1
Oscillation : False

SQLite save : SUCCESS (Record 33)

--- Cloud queue status ---
Total records       : 33
Azure pending       : 30
ThingsBoard pending : 30

Next edge cycle in 5 seconds...
Exception caught in background thread.  Unable to handle.
['azure.iot.device.common.transport_exceptions.ConnectionFailedError\n']


############################################################################
[2026-08-12 14:05:19] EDGE CYCLE
############################################################################

--- Edge status ---
Temperature : 26.2 °C
Humidity    : 51.0 %
Threshold   : 29.0 °C
State       : NORMAL
LED         : OFF
Buzzer Event: False
Fan Power   : False
Fan Speed   : 1
Oscillation : False

SQLite save : SUCCESS (Record 34)

--- Cloud queue status ---
Total records       : 34
Azure pending       : 31
ThingsBoard pending : 31

Next edge cycle in 5 seconds...


############################################################################
[2026-08-12 14:05:24] EDGE CYCLE
############################################################################
  DHT11 attempt 1/5 failed: Checksum did not validate. Try again.
Exception caught in background thread.  Unable to handle.
['azure.iot.device.common.transport_exceptions.ConnectionFailedError\n']

--- Edge status ---
Temperature : 26.7 °C
Humidity    : 51.0 %
Threshold   : 29.0 °C
State       : NORMAL
LED         : OFF
Buzzer Event: False
Fan Power   : False
Fan Speed   : 1
Oscillation : False

SQLite save : SUCCESS (Record 35)

--- Cloud queue status ---
Total records       : 35
Azure pending       : 32
ThingsBoard pending : 32

Next edge cycle in 5 seconds...


############################################################################
[2026-08-12 14:05:32] EDGE CYCLE
############################################################################

--- Edge status ---
Temperature : 27.3 °C
Humidity    : 50.0 %
Threshold   : 29.0 °C
State       : NORMAL
LED         : OFF
Buzzer Event: False
Fan Power   : False
Fan Speed   : 1
Oscillation : False

SQLite save : SUCCESS (Record 36)

--- Cloud queue status ---
Total records       : 36
Azure pending       : 33
ThingsBoard pending : 33

Next edge cycle in 5 seconds...
Exception caught in background thread.  Unable to handle.
['azure.iot.device.common.transport_exceptions.ConnectionFailedError\n']


############################################################################
[2026-08-12 14:05:37] EDGE CYCLE
############################################################################

--- Edge status ---
Temperature : 27.2 °C
Humidity    : 50.0 %
Threshold   : 29.0 °C
State       : NORMAL
LED         : OFF
Buzzer Event: False
Fan Power   : False
Fan Speed   : 1
Oscillation : False

SQLite save : SUCCESS (Record 37)

--- Cloud queue status ---
Total records       : 37
Azure pending       : 34
ThingsBoard pending : 34

Next edge cycle in 5 seconds...


############################################################################
[2026-08-12 14:05:42] EDGE CYCLE
############################################################################

--- Edge status ---
Temperature : 26.8 °C
Humidity    : 51.0 %
Threshold   : 29.0 °C
State       : NORMAL
LED         : OFF
Buzzer Event: False
Fan Power   : False
Fan Speed   : 1
Oscillation : False

SQLite save : SUCCESS (Record 38)

--- Cloud queue status ---
Total records       : 38
Azure pending       : 35
ThingsBoard pending : 35

Next edge cycle in 5 seconds...
Exception caught in background thread.  Unable to handle.
['azure.iot.device.common.transport_exceptions.ConnectionFailedError\n']


############################################################################
[2026-08-12 14:05:48] EDGE CYCLE
############################################################################

--- Edge status ---
Temperature : 26.4 °C
Humidity    : 51.0 %
Threshold   : 29.0 °C
State       : NORMAL
LED         : OFF
Buzzer Event: False
Fan Power   : False
Fan Speed   : 1
Oscillation : False

SQLite save : SUCCESS (Record 39)

--- Cloud queue status ---
Total records       : 39
Azure pending       : 36
ThingsBoard pending : 36

Next edge cycle in 5 seconds...


############################################################################
[2026-08-12 14:05:53] EDGE CYCLE
############################################################################

--- Edge status ---
Temperature : 27.9 °C
Humidity    : 50.0 %
Threshold   : 29.0 °C
State       : NORMAL
LED         : OFF
Buzzer Event: False
Fan Power   : False
Fan Speed   : 1
Oscillation : False

SQLite save : SUCCESS (Record 40)

--- Cloud queue status ---
Total records       : 40
Azure pending       : 37
ThingsBoard pending : 37

Next edge cycle in 5 seconds...
Exception caught in background thread.  Unable to handle.
['azure.iot.device.common.transport_exceptions.ConnectionFailedError\n']


############################################################################
[2026-08-12 14:05:59] EDGE CYCLE
############################################################################
  DHT11 attempt 1/5 failed: Checksum did not validate. Try again.

--- Edge status ---
Temperature : 27.5 °C
Humidity    : 50.0 %
Threshold   : 29.0 °C
State       : NORMAL
LED         : OFF
Buzzer Event: False
Fan Power   : False
Fan Speed   : 1
Oscillation : False

SQLite save : SUCCESS (Record 41)

--- Cloud queue status ---
Total records       : 41
Azure pending       : 38
ThingsBoard pending : 38

Next edge cycle in 5 seconds...
Exception caught in background thread.  Unable to handle.
['azure.iot.device.common.transport_exceptions.ConnectionFailedError\n']


############################################################################
[2026-08-12 14:06:06] EDGE CYCLE
############################################################################

--- Edge status ---
Temperature : 27.5 °C
Humidity    : 50.0 %
Threshold   : 29.0 °C
State       : NORMAL
LED         : OFF
Buzzer Event: False
Fan Power   : False
Fan Speed   : 1
Oscillation : False

SQLite save : SUCCESS (Record 42)

--- Cloud queue status ---
Total records       : 42
Azure pending       : 39
ThingsBoard pending : 39

Next edge cycle in 5 seconds...


############################################################################
[2026-08-12 14:06:12] EDGE CYCLE
############################################################################
  DHT11 attempt 1/5 failed: Checksum did not validate. Try again.
Exception caught in background thread.  Unable to handle.
['azure.iot.device.common.transport_exceptions.ConnectionFailedError\n']

--- Edge status ---
Temperature : 27.6 °C
Humidity    : 50.0 %
Threshold   : 29.0 °C
State       : NORMAL
LED         : OFF
Buzzer Event: False
Fan Power   : False
Fan Speed   : 1
Oscillation : False

SQLite save : SUCCESS (Record 43)

--- Cloud queue status ---
Total records       : 43
Azure pending       : 40
ThingsBoard pending : 40

Next edge cycle in 5 seconds...


############################################################################
[2026-08-12 14:06:19] EDGE CYCLE
############################################################################
  DHT11 attempt 1/5 failed: Checksum did not validate. Try again.

--- Edge status ---
Temperature : 27.0 °C
Humidity    : 50.0 %
Threshold   : 29.0 °C
State       : NORMAL
LED         : OFF
Buzzer Event: False
Fan Power   : False
Fan Speed   : 1
Oscillation : False

SQLite save : SUCCESS (Record 44)

--- Cloud queue status ---
Total records       : 44
Azure pending       : 41
ThingsBoard pending : 41

Next edge cycle in 5 seconds...
Exception caught in background thread.  Unable to handle.
['azure.iot.device.common.transport_exceptions.ConnectionFailedError\n']


############################################################################
[2026-08-12 14:06:27] EDGE CYCLE
############################################################################

--- Edge status ---
Temperature : 27.1 °C
Humidity    : 50.0 %
Threshold   : 29.0 °C
State       : NORMAL
LED         : OFF
Buzzer Event: False
Fan Power   : False
Fan Speed   : 1
Oscillation : False

SQLite save : SUCCESS (Record 45)

--- Cloud queue status ---
Total records       : 45
Azure pending       : 42
ThingsBoard pending : 42

Next edge cycle in 5 seconds...


############################################################################
[2026-08-12 14:06:33] EDGE CYCLE
############################################################################

--- Edge status ---
Temperature : 27.5 °C
Humidity    : 50.0 %
Threshold   : 29.0 °C
State       : NORMAL
LED         : OFF
Buzzer Event: False
Fan Power   : False
Fan Speed   : 1
Oscillation : False

SQLite save : SUCCESS (Record 46)

--- Cloud queue status ---
Total records       : 46
Azure pending       : 43
ThingsBoard pending : 43

Next edge cycle in 5 seconds...
Exception caught in background thread.  Unable to handle.
['azure.iot.device.common.transport_exceptions.ConnectionFailedError\n']


############################################################################
[2026-08-12 14:06:38] EDGE CYCLE
############################################################################

--- Edge status ---
Temperature : 27.1 °C
Humidity    : 50.0 %
Threshold   : 29.0 °C
State       : NORMAL
LED         : OFF
Buzzer Event: False
Fan Power   : False
Fan Speed   : 1
Oscillation : False

SQLite save : SUCCESS (Record 47)

--- Cloud queue status ---
Total records       : 47
Azure pending       : 44
ThingsBoard pending : 44

Next edge cycle in 5 seconds...


############################################################################
[2026-08-12 14:06:43] EDGE CYCLE
############################################################################

--- Edge status ---
Temperature : 27.8 °C
Humidity    : 50.0 %
Threshold   : 29.0 °C
State       : NORMAL
LED         : OFF
Buzzer Event: False
Fan Power   : False
Fan Speed   : 1
Oscillation : False

SQLite save : SUCCESS (Record 48)

--- Cloud queue status ---
Total records       : 48
Azure pending       : 45
ThingsBoard pending : 45

Next edge cycle in 5 seconds...
Exception caught in background thread.  Unable to handle.
['azure.iot.device.common.transport_exceptions.ConnectionFailedError\n']


############################################################################
[2026-08-12 14:06:49] EDGE CYCLE
############################################################################

--- Edge status ---
Temperature : 27.1 °C
Humidity    : 50.0 %
Threshold   : 29.0 °C
State       : NORMAL
LED         : OFF
Buzzer Event: False
Fan Power   : False
Fan Speed   : 1
Oscillation : False

SQLite save : SUCCESS (Record 49)

--- Cloud queue status ---
Total records       : 49
Azure pending       : 46
ThingsBoard pending : 46

Next edge cycle in 5 seconds...


############################################################################
[2026-08-12 14:06:54] EDGE CYCLE
############################################################################

--- Edge status ---
Temperature : 27.2 °C
Humidity    : 50.0 %
Threshold   : 29.0 °C
State       : NORMAL
LED         : OFF
Buzzer Event: False
Fan Power   : False
Fan Speed   : 1
Oscillation : False
Exception caught in background thread.  Unable to handle.
['azure.iot.device.common.transport_exceptions.ConnectionFailedError\n']

SQLite save : SUCCESS (Record 50)

--- Cloud queue status ---
Total records       : 50
Azure pending       : 47
ThingsBoard pending : 47

Next edge cycle in 5 seconds...


############################################################################
[2026-08-12 14:06:59] EDGE CYCLE
############################################################################

--- Edge status ---
Temperature : 27.5 °C
Humidity    : 50.0 %
Threshold   : 29.0 °C
State       : NORMAL
LED         : OFF
Buzzer Event: False
Fan Power   : False
Fan Speed   : 1
Oscillation : False

SQLite save : SUCCESS (Record 51)

--- Cloud queue status ---
Total records       : 51
Azure pending       : 48
ThingsBoard pending : 48

Next edge cycle in 5 seconds...
Exception caught in background thread.  Unable to handle.
['azure.iot.device.common.transport_exceptions.ConnectionFailedError\n']


############################################################################
[2026-08-12 14:07:05] EDGE CYCLE
############################################################################

--- Edge status ---
Temperature : 27.8 °C
Humidity    : 50.0 %
Threshold   : 29.0 °C
State       : NORMAL
LED         : OFF
Buzzer Event: False
Fan Power   : False
Fan Speed   : 1
Oscillation : False

SQLite save : SUCCESS (Record 52)

--- Cloud queue status ---
Total records       : 52
Azure pending       : 49
ThingsBoard pending : 49

Next edge cycle in 5 seconds...


############################################################################
[2026-08-12 14:07:10] EDGE CYCLE
############################################################################

--- Edge status ---
Temperature : 27.3 °C
Humidity    : 51.0 %
Threshold   : 29.0 °C
State       : NORMAL
LED         : OFF
Buzzer Event: False
Fan Power   : False
Fan Speed   : 1
Oscillation : False

SQLite save : SUCCESS (Record 53)

--- Cloud queue status ---
Total records       : 53
Azure pending       : 50
ThingsBoard pending : 50

Next edge cycle in 5 seconds...
Exception caught in background thread.  Unable to handle.
['azure.iot.device.common.transport_exceptions.ConnectionFailedError\n']


############################################################################
[2026-08-12 14:07:16] EDGE CYCLE
############################################################################

--- Edge status ---
Temperature : 27.1 °C
Humidity    : 51.0 %
Threshold   : 29.0 °C
State       : NORMAL
LED         : OFF
Buzzer Event: False
Fan Power   : False
Fan Speed   : 1
Oscillation : False

SQLite save : SUCCESS (Record 54)

--- Cloud queue status ---
Total records       : 54
Azure pending       : 51
ThingsBoard pending : 51

Next edge cycle in 5 seconds...


############################################################################
[2026-08-12 14:07:21] EDGE CYCLE
############################################################################

--- Edge status ---
Temperature : 27.9 °C
Humidity    : 51.0 %
Threshold   : 29.0 °C
State       : NORMAL
LED         : OFF
Buzzer Event: False
Fan Power   : False
Fan Speed   : 1
Oscillation : False

SQLite save : SUCCESS (Record 55)

--- Cloud queue status ---
Total records       : 55
Azure pending       : 52
ThingsBoard pending : 52

Next edge cycle in 5 seconds...
Exception caught in background thread.  Unable to handle.
['azure.iot.device.common.transport_exceptions.ConnectionFailedError\n']


############################################################################
[2026-08-12 14:07:26] EDGE CYCLE
############################################################################

--- Edge status ---
Temperature : 27.9 °C
Humidity    : 51.0 %
Threshold   : 29.0 °C
State       : NORMAL
LED         : OFF
Buzzer Event: False
Fan Power   : False
Fan Speed   : 1
Oscillation : False

SQLite save : SUCCESS (Record 56)

--- Cloud queue status ---
Total records       : 56
Azure pending       : 53
ThingsBoard pending : 53

Next edge cycle in 5 seconds...


############################################################################
[2026-08-12 14:07:32] EDGE CYCLE
############################################################################

--- Edge status ---
Temperature : 27.2 °C
Humidity    : 51.0 %
Threshold   : 29.0 °C
State       : NORMAL
LED         : OFF
Buzzer Event: False
Fan Power   : False
Fan Speed   : 1
Oscillation : False

SQLite save : SUCCESS (Record 57)

--- Cloud queue status ---
Total records       : 57
Azure pending       : 54
ThingsBoard pending : 54

Next edge cycle in 5 seconds...
Exception caught in background thread.  Unable to handle.
['azure.iot.device.common.transport_exceptions.ConnectionFailedError\n']


############################################################################
[2026-08-12 14:07:37] EDGE CYCLE
############################################################################

--- Edge status ---
Temperature : 27.2 °C
Humidity    : 51.0 %
Threshold   : 29.0 °C
State       : NORMAL
LED         : OFF
Buzzer Event: False
Fan Power   : False
Fan Speed   : 1
Oscillation : False

SQLite save : SUCCESS (Record 58)

--- Cloud queue status ---
Total records       : 58
Azure pending       : 55
ThingsBoard pending : 55

Next edge cycle in 5 seconds...


############################################################################
[2026-08-12 14:07:43] EDGE CYCLE
############################################################################
  DHT11 attempt 1/5 failed: Checksum did not validate. Try again.
Exception caught in background thread.  Unable to handle.
['azure.iot.device.common.transport_exceptions.ConnectionFailedError\n']
  DHT11 attempt 2/5 failed: Checksum did not validate. Try again.

--- Edge status ---
Temperature : 27.7 °C
Humidity    : 51.0 %
Threshold   : 29.0 °C
State       : NORMAL
LED         : OFF
Buzzer Event: False
Fan Power   : False
Fan Speed   : 1
Oscillation : False

SQLite save : SUCCESS (Record 59)

--- Cloud queue status ---
Total records       : 59
Azure pending       : 56
ThingsBoard pending : 56

Next edge cycle in 5 seconds...


############################################################################
[2026-08-12 14:07:53] EDGE CYCLE
############################################################################

--- Edge status ---
Temperature : 27.9 °C
Humidity    : 51.0 %
Threshold   : 29.0 °C
State       : NORMAL
LED         : OFF
Buzzer Event: False
Fan Power   : False
Fan Speed   : 1
Oscillation : False

SQLite save : SUCCESS (Record 60)

--- Cloud queue status ---
Total records       : 60
Azure pending       : 57
ThingsBoard pending : 57

Next edge cycle in 5 seconds...
Exception caught in background thread.  Unable to handle.
['azure.iot.device.common.transport_exceptions.ConnectionFailedError\n']


############################################################################
[2026-08-12 14:07:58] EDGE CYCLE
############################################################################
  DHT11 attempt 1/5 failed: Checksum did not validate. Try again.

--- Edge status ---
Temperature : 27.8 °C
Humidity    : 51.0 %
Threshold   : 29.0 °C
State       : NORMAL
LED         : OFF
Buzzer Event: False
Fan Power   : False
Fan Speed   : 1
Oscillation : False

SQLite save : SUCCESS (Record 61)

--- Cloud queue status ---
Total records       : 61
Azure pending       : 58
ThingsBoard pending : 58

Next edge cycle in 5 seconds...
Exception caught in background thread.  Unable to handle.
['azure.iot.device.common.transport_exceptions.ConnectionFailedError\n']


############################################################################
[2026-08-12 14:08:06] EDGE CYCLE
############################################################################

--- Edge status ---
Temperature : 27.0 °C
Humidity    : 51.0 %
Threshold   : 29.0 °C
State       : NORMAL
LED         : OFF
Buzzer Event: False
Fan Power   : False
Fan Speed   : 1
Oscillation : False

SQLite save : SUCCESS (Record 62)

--- Cloud queue status ---
Total records       : 62
Azure pending       : 59
ThingsBoard pending : 59

Next edge cycle in 5 seconds...


############################################################################
[2026-08-12 14:08:11] EDGE CYCLE
############################################################################

--- Edge status ---
Temperature : 27.6 °C
Humidity    : 51.0 %
Threshold   : 29.0 °C
State       : NORMAL
LED         : OFF
Buzzer Event: False
Fan Power   : False
Fan Speed   : 1
Oscillation : False

SQLite save : SUCCESS (Record 63)

--- Cloud queue status ---
Total records       : 63
Azure pending       : 60
ThingsBoard pending : 60

Next edge cycle in 5 seconds...
Exception caught in background thread.  Unable to handle.
['azure.iot.device.common.transport_exceptions.ConnectionFailedError\n']


############################################################################
[2026-08-12 14:08:17] EDGE CYCLE
############################################################################
  DHT11 attempt 1/5 failed: Checksum did not validate. Try again.

--- Edge status ---
Temperature : 27.5 °C
Humidity    : 51.0 %
Threshold   : 29.0 °C
State       : NORMAL
LED         : OFF
Buzzer Event: False
Fan Power   : False
Fan Speed   : 1
Oscillation : False

SQLite save : SUCCESS (Record 64)

--- Cloud queue status ---
Total records       : 64
Azure pending       : 61
ThingsBoard pending : 61

Next edge cycle in 5 seconds...


############################################################################
[2026-08-12 14:08:24] EDGE CYCLE
############################################################################
  DHT11 attempt 1/5 failed: A full buffer was not returned. Try again.
  Azure Record 4: SUCCESS
ThingsBoard queue: 20 pending record(s)
  ThingsBoard Record 4: SUCCESS
  ThingsBoard Record 5: SUCCESS

--- Edge status ---
Temperature : 27.4 °C
Humidity    : 51.0 %
Threshold   : 29.0 °C
State       : NORMAL
LED         : OFF
Buzzer Event: False
Fan Power   : False
Fan Speed   : 1
Oscillation : False

SQLite save : SUCCESS (Record 65)

--- Cloud queue status ---
Total records       : 65
Azure pending       : 61
ThingsBoard pending : 60

Next edge cycle in 5 seconds...
  ThingsBoard Record 6: SUCCESS
  ThingsBoard Record 7: SUCCESS
  ThingsBoard Record 8: SUCCESS
  ThingsBoard Record 9: SUCCESS
  ThingsBoard Record 10: SUCCESS


############################################################################
[2026-08-12 14:08:32] EDGE CYCLE
############################################################################

--- Edge status ---
Temperature : 27.9 °C
Humidity    : 51.0 %
Threshold   : 29.0 °C
State       : NORMAL
LED         : OFF
Buzzer Event: False
Fan Power   : False
Fan Speed   : 1
Oscillation : False
  ThingsBoard Record 11: SUCCESS

SQLite save : SUCCESS (Record 66)

--- Cloud queue status ---
Total records       : 66
Azure pending       : 62
ThingsBoard pending : 55

Next edge cycle in 5 seconds...
  ThingsBoard Record 12: SUCCESS
  ThingsBoard Record 13: SUCCESS
  ThingsBoard Record 14: SUCCESS
  ThingsBoard Record 15: SUCCESS
  ThingsBoard Record 16: SUCCESS


############################################################################
[2026-08-12 14:08:37] EDGE CYCLE
############################################################################

--- Edge status ---
Temperature : 27.7 °C
Humidity    : 51.0 %
Threshold   : 29.0 °C
State       : NORMAL
LED         : OFF
Buzzer Event: False
Fan Power   : False
Fan Speed   : 1
Oscillation : False
  ThingsBoard Record 17: SUCCESS

SQLite save : SUCCESS (Record 67)

--- Cloud queue status ---
Total records       : 67
Azure pending       : 63
ThingsBoard pending : 50

Next edge cycle in 5 seconds...
  ThingsBoard Record 18: SUCCESS
  ThingsBoard Record 19: SUCCESS
  ThingsBoard Record 20: SUCCESS
  ThingsBoard Record 21: SUCCESS
  ThingsBoard Record 22: SUCCESS


############################################################################
[2026-08-12 14:08:43] EDGE CYCLE
############################################################################
  ThingsBoard Record 23: SUCCESS

--- Edge status ---Sync result:
Azure      : success=1, failed=0
ThingsBoard: success=20, failed=0
Database   : total=67, azurePending=63, thingsboardPending=44

Temperature : 27.0 °C
Humidity    : 51.0 %
Threshold   : 29.0 °C
State       : NORMAL
LED         : OFF
Buzzer Event: False
Fan Power   : False
Fan Speed   : 1
Oscillation : False

SQLite save : SUCCESS (Record 68)

--- Cloud queue status ---
Total records       : 68
Azure pending       : 64
ThingsBoard pending : 45

Next edge cycle in 5 seconds...

--- Dual-cloud sync ---
Azure queue: 20 pending record(s)


############################################################################
[2026-08-12 14:08:48] EDGE CYCLE
############################################################################
  Azure Record 5: SUCCESS
  Azure Record 6: SUCCESS

--- Edge status ---
Temperature : 27.7 °C
Humidity    : 51.0 %
Threshold   : 29.0 °C
State       : NORMAL
LED         : OFF
Buzzer Event: False
Fan Power   : False
Fan Speed   : 1
Oscillation : False

SQLite save : SUCCESS (Record 69)

--- Cloud queue status ---
Total records       : 69
Azure pending       : 63
ThingsBoard pending : 46

Next edge cycle in 5 seconds...
  Azure Record 7: SUCCESS
  Azure Record 8: SUCCESS
  Azure Record 9: SUCCESS
  Azure Record 10: SUCCESS
  Azure Record 11: SUCCESS
  Azure Record 12: SUCCESS
  Azure Record 13: SUCCESS
  Azure Record 14: SUCCESS
  Azure Record 15: SUCCESS
  Azure Record 16: SUCCESS
  Azure Record 17: SUCCESS
  Azure Record 18: SUCCESS
  Azure Record 19: SUCCESS
  Azure Record 20: SUCCESS
  Azure Record 21: SUCCESS
  Azure Record 22: SUCCESS
  Azure Record 23: SUCCESS
  Azure Record 24: SUCCESS
ThingsBoard queue: 20 pending record(s)
  ThingsBoard Record 24: SUCCESS
  ThingsBoard Record 25: SUCCESS


############################################################################
[2026-08-12 14:08:54] EDGE CYCLE
############################################################################
  ThingsBoard Record 26: SUCCESS

--- Edge status ---
Temperature : 27.4 °C
Humidity    : 51.0 %
Threshold   : 29.0 °C
State       : NORMAL
LED         : OFF
Buzzer Event: False
Fan Power   : False
Fan Speed   : 1
Oscillation : False

SQLite save : SUCCESS (Record 70)

--- Cloud queue status ---
Total records       : 70
Azure pending       : 46
ThingsBoard pending : 44

Next edge cycle in 5 seconds...
  ThingsBoard Record 27: SUCCESS
  ThingsBoard Record 28: SUCCESS
  ThingsBoard Record 29: SUCCESS
  ThingsBoard Record 30: SUCCESS
  ThingsBoard Record 31: SUCCESS


############################################################################
[2026-08-12 14:08:59] EDGE CYCLE
############################################################################

--- Edge status ---
Temperature : 27.3 °C
Humidity    : 51.0 %
Threshold   : 29.0 °C
State       : NORMAL
LED         : OFF
Buzzer Event: False
Fan Power   : False
Fan Speed   : 1
Oscillation : False

SQLite save : SUCCESS (Record 71)

--- Cloud queue status ---
Total records       : 71
Azure pending       : 47
ThingsBoard pending : 40

Next edge cycle in 5 seconds...
  ThingsBoard Record 32: SUCCESS
  ThingsBoard Record 33: SUCCESS
  ThingsBoard Record 34: SUCCESS
  ThingsBoard Record 35: SUCCESS
  ThingsBoard Record 36: SUCCESS


############################################################################
[2026-08-12 14:09:04] EDGE CYCLE
############################################################################
  ThingsBoard Record 37: SUCCESS
  DHT11 attempt 1/5 failed: Checksum did not validate. Try again.
  ThingsBoard Record 38: SUCCESS
  ThingsBoard Record 39: SUCCESS

--- Edge status ---
Temperature : 27.1 °C
Humidity    : 51.0 %
Threshold   : 29.0 °C
State       : NORMAL
LED         : OFF
Buzzer Event: False
Fan Power   : False
Fan Speed   : 1
Oscillation : False

SQLite save : SUCCESS (Record 72)

--- Cloud queue status ---
Total records       : 72
Azure pending       : 48
ThingsBoard pending : 33

Next edge cycle in 5 seconds...
  ThingsBoard Record 40: SUCCESS
  ThingsBoard Record 41: SUCCESS
  ThingsBoard Record 42: SUCCESS
  ThingsBoard Record 43: SUCCESS
Sync result:
Azure      : success=20, failed=0
ThingsBoard: success=20, failed=0
Database   : total=72, azurePending=48, thingsboardPending=29


############################################################################
[2026-08-12 14:09:12] EDGE CYCLE
############################################################################

--- Edge status ---
Temperature : 27.7 °C
Humidity    : 51.0 %
Threshold   : 29.0 °C
State       : NORMAL
LED         : OFF
Buzzer Event: False
Fan Power   : False
Fan Speed   : 1
Oscillation : False

SQLite save : SUCCESS (Record 73)

--- Cloud queue status ---
Total records       : 73
Azure pending       : 49
ThingsBoard pending : 30

Next edge cycle in 5 seconds...

--- Dual-cloud sync ---
Azure queue: 20 pending record(s)
  Azure Record 25: SUCCESS
  Azure Record 26: SUCCESS
  Azure Record 27: SUCCESS
  Azure Record 28: SUCCESS
  Azure Record 29: SUCCESS
  Azure Record 30: SUCCESS
  Azure Record 31: SUCCESS
  Azure Record 32: SUCCESS
  Azure Record 33: SUCCESS
  Azure Record 34: SUCCESS
  Azure Record 35: SUCCESS
  Azure Record 36: SUCCESS
  Azure Record 37: SUCCESS
  Azure Record 38: SUCCESS
  Azure Record 39: SUCCESS
  Azure Record 40: SUCCESS


############################################################################
[2026-08-12 14:09:18] EDGE CYCLE
############################################################################
  Azure Record 41: SUCCESS
  Azure Record 42: SUCCESS
  DHT11 attempt 1/5 failed: Checksum did not validate. Try again.
  Azure Record 43: SUCCESS
  Azure Record 44: SUCCESS
ThingsBoard queue: 20 pending record(s)
  ThingsBoard Record 44: SUCCESS
  ThingsBoard Record 45: SUCCESS

--- Edge status ---
Temperature : 27.1 °C
Humidity    : 51.0 %
Threshold   : 29.0 °C
State       : NORMAL
LED         : OFF
Buzzer Event: False
Fan Power   : False
Fan Speed   : 1
Oscillation : False

SQLite save : SUCCESS (Record 74)

--- Cloud queue status ---
Total records       : 74
Azure pending       : 30
ThingsBoard pending : 29

Next edge cycle in 5 seconds...
  ThingsBoard Record 46: SUCCESS
  ThingsBoard Record 47: SUCCESS
  ThingsBoard Record 48: SUCCESS
  ThingsBoard Record 49: SUCCESS
  ThingsBoard Record 50: SUCCESS


############################################################################
[2026-08-12 14:09:25] EDGE CYCLE
############################################################################
  ThingsBoard Record 51: SUCCESS

--- Edge status ---
Temperature : 27.0 °C
Humidity    : 51.0 %
Threshold   : 29.0 °C
State       : NORMAL
LED         : OFF
Buzzer Event: False
Fan Power   : False
Fan Speed   : 1
Oscillation : False

SQLite save : SUCCESS (Record 75)

--- Cloud queue status ---
Total records       : 75
Azure pending       : 31
ThingsBoard pending : 24

Next edge cycle in 5 seconds...
  ThingsBoard Record 52: SUCCESS
  ThingsBoard Record 53: SUCCESS
  ThingsBoard Record 54: SUCCESS
  ThingsBoard Record 55: SUCCESS
  ThingsBoard Record 56: SUCCESS


############################################################################
[2026-08-12 14:09:31] EDGE CYCLE
############################################################################

--- Edge status ---
Temperature : 27.5 °C
Humidity    : 51.0 %
Threshold   : 29.0 °C
State       : NORMAL
LED         : OFF
Buzzer Event: False
Fan Power   : False
Fan Speed   : 1
Oscillation : False
  ThingsBoard Record 57: SUCCESS

SQLite save : SUCCESS (Record 76)

--- Cloud queue status ---
Total records       : 76
Azure pending       : 32
ThingsBoard pending : 19

Next edge cycle in 5 seconds...
  ThingsBoard Record 58: SUCCESS
  ThingsBoard Record 59: SUCCESS
  ThingsBoard Record 60: SUCCESS
  ThingsBoard Record 61: SUCCESS
  ThingsBoard Record 62: SUCCESS


############################################################################
[2026-08-12 14:09:36] EDGE CYCLE
############################################################################

--- Edge status ---
Temperature : 27.0 °C
Humidity    : 51.0 %
Threshold   : 29.0 °C
State       : NORMAL
LED         : OFF
Buzzer Event: False
Fan Power   : False
Fan Speed   : 1
Oscillation : False
  ThingsBoard Record 63: SUCCESS
Sync result:
Azure      : success=20, failed=0
ThingsBoard: success=20, failed=0
Database   : total=76, azurePending=32, thingsboardPending=13

SQLite save : SUCCESS (Record 77)

--- Cloud queue status ---
Total records       : 77
Azure pending       : 33
ThingsBoard pending : 14

Next edge cycle in 5 seconds...

--- Dual-cloud sync ---
Azure queue: 20 pending record(s)


############################################################################
[2026-08-12 14:09:41] EDGE CYCLE
############################################################################
  Azure Record 45: SUCCESS
  DHT11 attempt 1/5 failed: Checksum did not validate. Try again.
  Azure Record 46: SUCCESS
  Azure Record 47: SUCCESS
  Azure Record 48: SUCCESS
  Azure Record 49: SUCCESS
  Azure Record 50: SUCCESS
  Azure Record 51: SUCCESS
  Azure Record 52: SUCCESS
  Azure Record 53: SUCCESS
  Azure Record 54: SUCCESS
  Azure Record 55: SUCCESS
  Azure Record 56: SUCCESS
  Azure Record 57: SUCCESS
  Azure Record 58: SUCCESS
  Azure Record 59: SUCCESS
  Azure Record 60: SUCCESS
  Azure Record 61: SUCCESS
  DHT11 attempt 2/5 failed: Checksum did not validate. Try again.
  Azure Record 62: SUCCESS
  Azure Record 63: SUCCESS
  Azure Record 64: SUCCESS
ThingsBoard queue: 14 pending record(s)
  ThingsBoard Record 64: SUCCESS
  ThingsBoard Record 65: SUCCESS

--- Edge status ---
Temperature : 27.1 °C
Humidity    : 51.0 %
Threshold   : 29.0 °C
State       : NORMAL
LED         : OFF
Buzzer Event: False
Fan Power   : False
Fan Speed   : 1
Oscillation : False

SQLite save : SUCCESS (Record 78)

--- Cloud queue status ---
Total records       : 78
Azure pending       : 14
ThingsBoard pending : 13

Next edge cycle in 5 seconds...
  ThingsBoard Record 66: SUCCESS
  ThingsBoard Record 67: SUCCESS
  ThingsBoard Record 68: SUCCESS
  ThingsBoard Record 69: SUCCESS
  ThingsBoard Record 70: SUCCESS


############################################################################
[2026-08-12 14:09:52] EDGE CYCLE
############################################################################
  ThingsBoard Record 71: SUCCESS

--- Edge status ---
Temperature : 27.8 °C
Humidity    : 51.0 %
Threshold   : 29.0 °C
State       : NORMAL
LED         : OFF
Buzzer Event: False
Fan Power   : False
Fan Speed   : 1
Oscillation : False

SQLite save : SUCCESS (Record 79)

--- Cloud queue status ---
Total records       : 79
Azure pending       : 15
ThingsBoard pending : 8

Next edge cycle in 5 seconds...
  ThingsBoard Record 72: SUCCESS
  ThingsBoard Record 73: SUCCESS
  ThingsBoard Record 74: SUCCESS
  ThingsBoard Record 75: SUCCESS
  ThingsBoard Record 76: SUCCESS


############################################################################
[2026-08-12 14:09:57] EDGE CYCLE
############################################################################
  ThingsBoard Record 77: SUCCESS
Sync result:
Azure      : success=20, failed=0
ThingsBoard: success=14, failed=0
Database   : total=79, azurePending=15, thingsboardPending=2

--- Edge status ---
Temperature : 27.1 °C
Humidity    : 51.0 %
Threshold   : 29.0 °C
State       : NORMAL
LED         : OFF
Buzzer Event: False
Fan Power   : False
Fan Speed   : 1
Oscillation : False

SQLite save : SUCCESS (Record 80)

--- Cloud queue status ---
Total records       : 80
Azure pending       : 16
ThingsBoard pending : 3

Next edge cycle in 5 seconds...

--- Dual-cloud sync ---
Azure queue: 16 pending record(s)


############################################################################
[2026-08-12 14:10:02] EDGE CYCLE
############################################################################
  Azure Record 65: SUCCESS
  Azure Record 66: SUCCESS

--- Edge status ---
Temperature : 27.1 °C
Humidity    : 51.0 %
Threshold   : 29.0 °C
State       : NORMAL
LED         : OFF
Buzzer Event: False
Fan Power   : False
Fan Speed   : 1
Oscillation : False

SQLite save : SUCCESS (Record 81)

--- Cloud queue status ---
Total records       : 81
Azure pending       : 15
ThingsBoard pending : 4

Next edge cycle in 5 seconds...
  Azure Record 67: SUCCESS
  Azure Record 68: SUCCESS
  Azure Record 69: SUCCESS
  Azure Record 70: SUCCESS
  Azure Record 71: SUCCESS
  Azure Record 72: SUCCESS
  Azure Record 73: SUCCESS
  Azure Record 74: SUCCESS
  Azure Record 75: SUCCESS
  Azure Record 76: SUCCESS
  Azure Record 77: SUCCESS
  Azure Record 78: SUCCESS
  Azure Record 79: SUCCESS
  Azure Record 80: SUCCESS
ThingsBoard queue: 4 pending record(s)
  ThingsBoard Record 78: SUCCESS
  ThingsBoard Record 79: SUCCESS
  ThingsBoard Record 80: SUCCESS


############################################################################
[2026-08-12 14:10:08] EDGE CYCLE
############################################################################
  DHT11 attempt 1/5 failed: Checksum did not validate. Try again.
  ThingsBoard Record 81: SUCCESS
Sync result:
Azure      : success=16, failed=0
ThingsBoard: success=4, failed=0
Database   : total=81, azurePending=1, thingsboardPending=0
  DHT11 attempt 2/5 failed: Checksum did not validate. Try again.

--- Edge status ---
Temperature : 27.9 °C
Humidity    : 51.0 %
Threshold   : 29.0 °C
State       : NORMAL
LED         : OFF
Buzzer Event: False
Fan Power   : False
Fan Speed   : 1
Oscillation : False

SQLite save : SUCCESS (Record 82)

--- Cloud queue status ---
Total records       : 82
Azure pending       : 2
ThingsBoard pending : 1

Next edge cycle in 5 seconds...

--- Dual-cloud sync ---
Azure queue: 2 pending record(s)
  Azure Record 81: SUCCESS
  Azure Record 82: SUCCESS
ThingsBoard queue: 1 pending record(s)
  ThingsBoard Record 82: SUCCESS
Sync result:
Azure      : success=2, failed=0
ThingsBoard: success=1, failed=0
Database   : total=82, azurePending=0, thingsboardPending=0


############################################################################
[2026-08-12 14:10:18] EDGE CYCLE
############################################################################

--- Edge status ---
Temperature : 27.1 °C
Humidity    : 51.0 %
Threshold   : 29.0 °C
State       : NORMAL
LED         : OFF
Buzzer Event: False
Fan Power   : False
Fan Speed   : 1
Oscillation : False

SQLite save : SUCCESS (Record 83)

--- Cloud queue status ---
Total records       : 83
Azure pending       : 1
ThingsBoard pending : 1

Next edge cycle in 5 seconds...

--- Dual-cloud sync ---
Azure queue: 1 pending record(s)
  Azure Record 83: SUCCESS
ThingsBoard queue: 1 pending record(s)
  ThingsBoard Record 83: SUCCESS
Sync result:
Azure      : success=1, failed=0
ThingsBoard: success=1, failed=0
Database   : total=83, azurePending=0, thingsboardPending=0
