
====================================================================
CLOUD CONFIGURATION UPDATE RECEIVED
====================================================================
Configuration received, but no effective values changed.
====================================================================
============================================================================
Azure + ThingsBoard Edge-Cloud Environmental Control System
Production Architecture V5
Edge / Cloud communication decoupled
SQLite dual-cloud queue enabled
============================================================================

Local edge system starting...
Cloud connection will be handled by background worker.

Active local configuration:
{'highTemperatureThreshold': 29.0, 'autoMode': True, 'buzzerEnabled': True, 'fanEnabled': True}

IMPORTANT:
Physical fan must be OFF before starting this program.
Background cloud sync: STARTED

--- Dual-cloud sync ---
Background cloud synchronization started.
Main edge-control loop started.

Press Ctrl+C to stop.
============================================================================


############################################################################
[2026-08-12 14:10:45] EDGE CYCLE
############################################################################
Azure queue: empty
ThingsBoard queue: empty
Sync result:
Azure      : success=0, failed=0
ThingsBoard: success=0, failed=0
Database   : total=0, azurePending=0, thingsboardPending=0

--- Edge status ---
Temperature : 27.4 °C
Humidity    : 51.0 %
Threshold   : 29.0 °C
State       : NORMAL
LED         : OFF
Buzzer Event: False
Fan Power   : False
Fan Speed   : 1
Oscillation : False

SQLite save : SUCCESS (Record 1)

--- Cloud queue status ---
Total records       : 1
Azure pending       : 1
ThingsBoard pending : 1

Next edge cycle in 5 seconds...

--- Dual-cloud sync ---
Azure queue: 1 pending record(s)
Attempting Azure reconnection...


############################################################################
[2026-08-12 14:10:51] EDGE CYCLE
############################################################################

====================================================================
CLOUD CONFIGURATION UPDATE RECEIVED
====================================================================
Configuration received, but no effective values changed.
====================================================================
Azure connection: ONLINE

--- Edge status ---
Temperature : 27.1 °C
Humidity    : 51.0 %
Threshold   : 29.0 °C
State       : NORMAL
LED         : OFF
Buzzer Event: False
Fan Power   : False
Fan Speed   : 1
Oscillation : False

SQLite save : SUCCESS (Record 2)

--- Cloud queue status ---
Total records       : 2
Azure pending       : 2
ThingsBoard pending : 2

Next edge cycle in 5 seconds...
  Azure Record 1: SUCCESS
ThingsBoard queue: 2 pending record(s)
  ThingsBoard Record 1: SUCCESS
  ThingsBoard Record 2: SUCCESS
Sync result:
Azure      : success=1, failed=0
ThingsBoard: success=2, failed=0
Database   : total=2, azurePending=1, thingsboardPending=0


############################################################################
[2026-08-12 14:10:56] EDGE CYCLE
############################################################################

--- Edge status ---
Temperature : 27.4 °C
Humidity    : 51.0 %
Threshold   : 29.0 °C
State       : NORMAL
LED         : OFF
Buzzer Event: False
Fan Power   : False
Fan Speed   : 1
Oscillation : False

SQLite save : SUCCESS (Record 3)

--- Cloud queue status ---
Total records       : 3
Azure pending       : 2
ThingsBoard pending : 1

Next edge cycle in 5 seconds...

--- Dual-cloud sync ---
Azure queue: 2 pending record(s)
  Azure Record 2: SUCCESS
  Azure Record 3: SUCCESS
ThingsBoard queue: 1 pending record(s)
  ThingsBoard Record 3: SUCCESS
Sync result:
Azure      : success=2, failed=0
ThingsBoard: success=1, failed=0
Database   : total=3, azurePending=0, thingsboardPending=0


############################################################################
[2026-08-12 14:11:02] EDGE CYCLE
############################################################################

--- Edge status ---
Temperature : 27.2 °C
Humidity    : 51.0 %
Threshold   : 29.0 °C
State       : NORMAL
LED         : OFF
Buzzer Event: False
Fan Power   : False
Fan Speed   : 1
Oscillation : False

SQLite save : SUCCESS (Record 4)

--- Cloud queue status ---
Total records       : 4
Azure pending       : 1
ThingsBoard pending : 1

Next edge cycle in 5 seconds...

--- Dual-cloud sync ---
Azure queue: 1 pending record(s)
  Azure Record 4: SUCCESS
ThingsBoard queue: 1 pending record(s)
  ThingsBoard Record 4: SUCCESS
Sync result:
Azure      : success=1, failed=0
ThingsBoard: success=1, failed=0
Database   : total=4, azurePending=0, thingsboardPending=0


############################################################################
[2026-08-12 14:11:07] EDGE CYCLE
############################################################################

--- Edge status ---
Temperature : 27.8 °C
Humidity    : 51.0 %
Threshold   : 29.0 °C
State       : NORMAL
LED         : OFF
Buzzer Event: False
Fan Power   : False
Fan Speed   : 1
Oscillation : False

SQLite save : SUCCESS (Record 5)

--- Cloud queue status ---
Total records       : 5
Azure pending       : 1
ThingsBoard pending : 1

Next edge cycle in 5 seconds...

--- Dual-cloud sync ---
Azure queue: 1 pending record(s)
  Azure Record 5: SUCCESS
ThingsBoard queue: 1 pending record(s)
  ThingsBoard Record 5: SUCCESS
Sync result:
Azure      : success=1, failed=0
ThingsBoard: success=1, failed=0
Database   : total=5, azurePending=0, thingsboardPending=0


############################################################################
[2026-08-12 14:11:12] EDGE CYCLE
############################################################################

--- Edge status ---
Temperature : 27.6 °C
Humidity    : 51.0 %
Threshold   : 29.0 °C
State       : NORMAL
LED         : OFF
Buzzer Event: False
Fan Power   : False
Fan Speed   : 1
Oscillation : False

SQLite save : SUCCESS (Record 6)

--- Cloud queue status ---
Total records       : 6
Azure pending       : 1
ThingsBoard pending : 1

Next edge cycle in 5 seconds...

--- Dual-cloud sync ---
Azure queue: 1 pending record(s)


############################################################################
[2026-08-12 14:11:18] EDGE CYCLE
############################################################################

--- Edge status ---
Temperature : 27.9 °C
Humidity    : 51.0 %
Threshold   : 29.0 °C
State       : NORMAL
LED         : OFF
Buzzer Event: False
Fan Power   : False
Fan Speed   : 1
Oscillation : False

SQLite save : SUCCESS (Record 7)

--- Cloud queue status ---
Total records       : 7
Azure pending       : 2
ThingsBoard pending : 2

Next edge cycle in 5 seconds...


############################################################################
[2026-08-12 14:11:23] EDGE CYCLE
############################################################################
  DHT11 attempt 1/5 failed: Checksum did not validate. Try again.

--- Edge status ---
Temperature : 27.5 °C
Humidity    : 51.0 %
Threshold   : 29.0 °C
State       : NORMAL
LED         : OFF
Buzzer Event: False
Fan Power   : False
Fan Speed   : 1
Oscillation : False

SQLite save : SUCCESS (Record 8)

--- Cloud queue status ---
Total records       : 8
Azure pending       : 3
ThingsBoard pending : 3

Next edge cycle in 5 seconds...


############################################################################
[2026-08-12 14:11:31] EDGE CYCLE
############################################################################

--- Edge status ---
Temperature : 27.0 °C
Humidity    : 51.0 %
Threshold   : 29.0 °C
State       : NORMAL
LED         : OFF
Buzzer Event: False
Fan Power   : False
Fan Speed   : 1
Oscillation : False

SQLite save : SUCCESS (Record 9)

--- Cloud queue status ---
Total records       : 9
Azure pending       : 4
ThingsBoard pending : 4

Next edge cycle in 5 seconds...


############################################################################
[2026-08-12 14:11:36] EDGE CYCLE
############################################################################
  DHT11 attempt 1/5 failed: Checksum did not validate. Try again.

--- Edge status ---
Temperature : 27.9 °C
Humidity    : 51.0 %
Threshold   : 29.0 °C
State       : NORMAL
LED         : OFF
Buzzer Event: False
Fan Power   : False
Fan Speed   : 1
Oscillation : False

SQLite save : SUCCESS (Record 10)

--- Cloud queue status ---
Total records       : 10
Azure pending       : 5
ThingsBoard pending : 5

Next edge cycle in 5 seconds...


############################################################################
[2026-08-12 14:11:44] EDGE CYCLE
############################################################################

--- Edge status ---
Temperature : 27.7 °C
Humidity    : 51.0 %
Threshold   : 29.0 °C
State       : NORMAL
LED         : OFF
Buzzer Event: False
Fan Power   : False
Fan Speed   : 1
Oscillation : False

SQLite save : SUCCESS (Record 11)

--- Cloud queue status ---
Total records       : 11
Azure pending       : 6
ThingsBoard pending : 6

Next edge cycle in 5 seconds...


############################################################################
[2026-08-12 14:11:49] EDGE CYCLE
############################################################################

--- Edge status ---
Temperature : 27.4 °C
Humidity    : 51.0 %
Threshold   : 29.0 °C
State       : NORMAL
LED         : OFF
Buzzer Event: False
Fan Power   : False
Fan Speed   : 1
Oscillation : False

SQLite save : SUCCESS (Record 12)

--- Cloud queue status ---
Total records       : 12
Azure pending       : 7
ThingsBoard pending : 7

Next edge cycle in 5 seconds...


############################################################################
[2026-08-12 14:11:55] EDGE CYCLE
############################################################################
  DHT11 attempt 1/5 failed: Checksum did not validate. Try again.

--- Edge status ---
Temperature : 27.8 °C
Humidity    : 51.0 %
Threshold   : 29.0 °C
State       : NORMAL
LED         : OFF
Buzzer Event: False
Fan Power   : False
Fan Speed   : 1
Oscillation : False

SQLite save : SUCCESS (Record 13)

--- Cloud queue status ---
Total records       : 13
Azure pending       : 8
ThingsBoard pending : 8

Next edge cycle in 5 seconds...


############################################################################
[2026-08-12 14:12:03] EDGE CYCLE
############################################################################

--- Edge status ---
Temperature : 27.9 °C
Humidity    : 51.0 %
Threshold   : 29.0 °C
State       : NORMAL
LED         : OFF
Buzzer Event: False
Fan Power   : False
Fan Speed   : 1
Oscillation : False

SQLite save : SUCCESS (Record 14)

--- Cloud queue status ---
Total records       : 14
Azure pending       : 9
ThingsBoard pending : 9

Next edge cycle in 5 seconds...


############################################################################
[2026-08-12 14:12:08] EDGE CYCLE
############################################################################
  DHT11 attempt 1/5 failed: Checksum did not validate. Try again.

--- Edge status ---
Temperature : 27.5 °C
Humidity    : 51.0 %
Threshold   : 29.0 °C
State       : NORMAL
LED         : OFF
Buzzer Event: False
Fan Power   : False
Fan Speed   : 1
Oscillation : False

SQLite save : SUCCESS (Record 15)

--- Cloud queue status ---
Total records       : 15
Azure pending       : 10
ThingsBoard pending : 10

Next edge cycle in 5 seconds...


############################################################################
[2026-08-12 14:12:16] EDGE CYCLE
############################################################################

--- Edge status ---
Temperature : 27.6 °C
Humidity    : 51.0 %
Threshold   : 29.0 °C
State       : NORMAL
LED         : OFF
Buzzer Event: False
Fan Power   : False
Fan Speed   : 1
Oscillation : False

SQLite save : SUCCESS (Record 16)

--- Cloud queue status ---
Total records       : 16
Azure pending       : 11
ThingsBoard pending : 11

Next edge cycle in 5 seconds...


############################################################################
[2026-08-12 14:12:21] EDGE CYCLE
############################################################################
  DHT11 attempt 1/5 failed: Checksum did not validate. Try again.

--- Edge status ---
Temperature : 27.9 °C
Humidity    : 51.0 %
Threshold   : 29.0 °C
State       : NORMAL
LED         : OFF
Buzzer Event: False
Fan Power   : False
Fan Speed   : 1
Oscillation : False

SQLite save : SUCCESS (Record 17)

--- Cloud queue status ---
Total records       : 17
Azure pending       : 12
ThingsBoard pending : 12

Next edge cycle in 5 seconds...


############################################################################
[2026-08-12 14:12:29] EDGE CYCLE
############################################################################
  DHT11 attempt 1/5 failed: Checksum did not validate. Try again.

--- Edge status ---
Temperature : 27.3 °C
Humidity    : 51.0 %
Threshold   : 29.0 °C
State       : NORMAL
LED         : OFF
Buzzer Event: False
Fan Power   : False
Fan Speed   : 1
Oscillation : False

SQLite save : SUCCESS (Record 18)

--- Cloud queue status ---
Total records       : 18
Azure pending       : 13
ThingsBoard pending : 13

Next edge cycle in 5 seconds...


############################################################################
[2026-08-12 14:12:37] EDGE CYCLE
############################################################################
  DHT11 attempt 1/5 failed: Checksum did not validate. Try again.

--- Edge status ---
Temperature : 27.9 °C
Humidity    : 51.0 %
Threshold   : 29.0 °C
State       : NORMAL
LED         : OFF
Buzzer Event: False
Fan Power   : False
Fan Speed   : 1
Oscillation : False

SQLite save : SUCCESS (Record 19)

--- Cloud queue status ---
Total records       : 19
Azure pending       : 14
ThingsBoard pending : 14

Next edge cycle in 5 seconds...


############################################################################
[2026-08-12 14:12:44] EDGE CYCLE
############################################################################
  DHT11 attempt 1/5 failed: Checksum did not validate. Try again.

--- Edge status ---
Temperature : 27.4 °C
Humidity    : 51.0 %
Threshold   : 29.0 °C
State       : NORMAL
LED         : OFF
Buzzer Event: False
Fan Power   : False
Fan Speed   : 1
Oscillation : False

SQLite save : SUCCESS (Record 20)

--- Cloud queue status ---
Total records       : 20
Azure pending       : 15
ThingsBoard pending : 15

Next edge cycle in 5 seconds...
ConnectionStateStage: DisconnectEvent received while in unexpected state - ConnectionState.DISCONNECTED
Exception caught in background thread.  Unable to handle.
['azure.iot.device.common.transport_exceptions.ConnectionDroppedError: Unexpected disconnection\n']
Exception caught in background thread.  Unable to handle.
['azure.iot.device.common.transport_exceptions.ConnectionDroppedError: Unexpected disconnection\n']
Exception caught in background thread.  Unable to handle.
['azure.iot.device.common.transport_exceptions.ConnectionFailedError\n']


############################################################################
[2026-08-12 14:12:52] EDGE CYCLE
############################################################################
  DHT11 attempt 1/5 failed: Checksum did not validate. Try again.
  DHT11 attempt 2/5 failed: Checksum did not validate. Try again.

--- Edge status ---
Temperature : 27.4 °C
Humidity    : 51.0 %
Threshold   : 29.0 °C
State       : NORMAL
LED         : OFF
Buzzer Event: False
Fan Power   : False
Fan Speed   : 1
Oscillation : False

SQLite save : SUCCESS (Record 21)

--- Cloud queue status ---
Total records       : 21
Azure pending       : 16
ThingsBoard pending : 16

Next edge cycle in 5 seconds...
Exception caught in background thread.  Unable to handle.
['azure.iot.device.common.transport_exceptions.ConnectionFailedError\n']


############################################################################
[2026-08-12 14:13:02] EDGE CYCLE
############################################################################

--- Edge status ---
Temperature : 27.1 °C
Humidity    : 51.0 %
Threshold   : 29.0 °C
State       : NORMAL
LED         : OFF
Buzzer Event: False
Fan Power   : False
Fan Speed   : 1
Oscillation : False

SQLite save : SUCCESS (Record 22)

--- Cloud queue status ---
Total records       : 22
Azure pending       : 17
ThingsBoard pending : 17

Next edge cycle in 5 seconds...


############################################################################
[2026-08-12 14:13:08] EDGE CYCLE
############################################################################

--- Edge status ---
Temperature : 27.5 °C
Humidity    : 51.0 %
Threshold   : 29.0 °C
State       : NORMAL
LED         : OFF
Buzzer Event: False
Fan Power   : False
Fan Speed   : 1
Oscillation : False

SQLite save : SUCCESS (Record 23)

--- Cloud queue status ---
Total records       : 23
Azure pending       : 18
ThingsBoard pending : 18

Next edge cycle in 5 seconds...
Exception caught in background thread.  Unable to handle.
['azure.iot.device.common.transport_exceptions.ConnectionFailedError\n']


############################################################################
[2026-08-12 14:13:13] EDGE CYCLE
############################################################################

--- Edge status ---
Temperature : 27.9 °C
Humidity    : 51.0 %
Threshold   : 29.0 °C
State       : NORMAL
LED         : OFF
Buzzer Event: False
Fan Power   : False
Fan Speed   : 1
Oscillation : False

SQLite save : SUCCESS (Record 24)

--- Cloud queue status ---
Total records       : 24
Azure pending       : 19
ThingsBoard pending : 19

Next edge cycle in 5 seconds...


############################################################################
[2026-08-12 14:13:18] EDGE CYCLE
############################################################################

--- Edge status ---
Temperature : 27.5 °C
Humidity    : 51.0 %
Threshold   : 29.0 °C
State       : NORMAL
LED         : OFF
Buzzer Event: False
Fan Power   : False
Fan Speed   : 1
Oscillation : False

SQLite save : SUCCESS (Record 25)

--- Cloud queue status ---
Total records       : 25
Azure pending       : 20
ThingsBoard pending : 20

Next edge cycle in 5 seconds...
Exception caught in background thread.  Unable to handle.
['azure.iot.device.common.transport_exceptions.ConnectionFailedError\n']


############################################################################
[2026-08-12 14:13:24] EDGE CYCLE
############################################################################

--- Edge status ---
Temperature : 27.9 °C
Humidity    : 51.0 %
Threshold   : 29.0 °C
State       : NORMAL
LED         : OFF
Buzzer Event: False
Fan Power   : False
Fan Speed   : 1
Oscillation : False

SQLite save : SUCCESS (Record 26)

--- Cloud queue status ---
Total records       : 26
Azure pending       : 21
ThingsBoard pending : 21

Next edge cycle in 5 seconds...


############################################################################
[2026-08-12 14:13:29] EDGE CYCLE
############################################################################

--- Edge status ---
Temperature : 27.6 °C
Humidity    : 52.0 %
Threshold   : 29.0 °C
State       : NORMAL
LED         : OFF
Buzzer Event: False
Fan Power   : False
Fan Speed   : 1
Oscillation : False

SQLite save : SUCCESS (Record 27)

--- Cloud queue status ---
Total records       : 27
Azure pending       : 22
ThingsBoard pending : 22

Next edge cycle in 5 seconds...
Exception caught in background thread.  Unable to handle.
['azure.iot.device.common.transport_exceptions.ConnectionFailedError\n']


############################################################################
[2026-08-12 14:13:34] EDGE CYCLE
############################################################################

--- Edge status ---
Temperature : 27.3 °C
Humidity    : 52.0 %
Threshold   : 29.0 °C
State       : NORMAL
LED         : OFF
Buzzer Event: False
Fan Power   : False
Fan Speed   : 1
Oscillation : False

SQLite save : SUCCESS (Record 28)

--- Cloud queue status ---
Total records       : 28
Azure pending       : 23
ThingsBoard pending : 23

Next edge cycle in 5 seconds...


############################################################################
[2026-08-12 14:13:40] EDGE CYCLE
############################################################################

--- Edge status ---
Temperature : 27.2 °C
Humidity    : 52.0 %
Threshold   : 29.0 °C
State       : NORMAL
LED         : OFF
Buzzer Event: False
Fan Power   : False
Fan Speed   : 1
Oscillation : False

SQLite save : SUCCESS (Record 29)

--- Cloud queue status ---
Total records       : 29
Azure pending       : 24
ThingsBoard pending : 24

Next edge cycle in 5 seconds...
Exception caught in background thread.  Unable to handle.
['azure.iot.device.common.transport_exceptions.ConnectionFailedError\n']


############################################################################
[2026-08-12 14:13:45] EDGE CYCLE
############################################################################

--- Edge status ---
Temperature : 27.8 °C
Humidity    : 52.0 %
Threshold   : 29.0 °C
State       : NORMAL
LED         : OFF
Buzzer Event: False
Fan Power   : False
Fan Speed   : 1
Oscillation : False

SQLite save : SUCCESS (Record 30)

--- Cloud queue status ---
Total records       : 30
Azure pending       : 25
ThingsBoard pending : 25

Next edge cycle in 5 seconds...


############################################################################
[2026-08-12 14:13:51] EDGE CYCLE
############################################################################

--- Edge status ---
Temperature : 27.4 °C
Humidity    : 52.0 %
Threshold   : 29.0 °C
State       : NORMAL
LED         : OFF
Buzzer Event: False
Fan Power   : False
Fan Speed   : 1
Oscillation : False

SQLite save : SUCCESS (Record 31)

--- Cloud queue status ---
Total records       : 31
Azure pending       : 26
ThingsBoard pending : 26

Next edge cycle in 5 seconds...
Exception caught in background thread.  Unable to handle.
['azure.iot.device.common.transport_exceptions.ConnectionFailedError\n']


############################################################################
[2026-08-12 14:13:56] EDGE CYCLE
############################################################################
  DHT11 attempt 1/5 failed: Checksum did not validate. Try again.

--- Edge status ---
Temperature : 27.3 °C
Humidity    : 52.0 %
Threshold   : 29.0 °C
State       : NORMAL
LED         : OFF
Buzzer Event: False
Fan Power   : False
Fan Speed   : 1
Oscillation : False

SQLite save : SUCCESS (Record 32)

--- Cloud queue status ---
Total records       : 32
Azure pending       : 27
ThingsBoard pending : 27

Next edge cycle in 5 seconds...
Exception caught in background thread.  Unable to handle.
['azure.iot.device.common.transport_exceptions.ConnectionFailedError\n']


############################################################################
[2026-08-12 14:14:04] EDGE CYCLE
############################################################################

--- Edge status ---
Temperature : 27.2 °C
Humidity    : 52.0 %
Threshold   : 29.0 °C
State       : NORMAL
LED         : OFF
Buzzer Event: False
Fan Power   : False
Fan Speed   : 1
Oscillation : False

SQLite save : SUCCESS (Record 33)

--- Cloud queue status ---
Total records       : 33
Azure pending       : 28
ThingsBoard pending : 28

Next edge cycle in 5 seconds...


############################################################################
[2026-08-12 14:14:09] EDGE CYCLE
############################################################################
  DHT11 attempt 1/5 failed: Checksum did not validate. Try again.
Exception caught in background thread.  Unable to handle.
['azure.iot.device.common.transport_exceptions.ConnectionFailedError\n']

--- Edge status ---
Temperature : 27.9 °C
Humidity    : 52.0 %
Threshold   : 29.0 °C
State       : NORMAL
LED         : OFF
Buzzer Event: False
Fan Power   : False
Fan Speed   : 1
Oscillation : False

SQLite save : SUCCESS (Record 34)

--- Cloud queue status ---
Total records       : 34
Azure pending       : 29
ThingsBoard pending : 29

Next edge cycle in 5 seconds...


############################################################################
[2026-08-12 14:14:17] EDGE CYCLE
############################################################################
  DHT11 attempt 1/5 failed: Checksum did not validate. Try again.

--- Edge status ---
Temperature : 27.1 °C
Humidity    : 52.0 %
Threshold   : 29.0 °C
State       : NORMAL
LED         : OFF
Buzzer Event: False
Fan Power   : False
Fan Speed   : 1
Oscillation : False

SQLite save : SUCCESS (Record 35)

--- Cloud queue status ---
Total records       : 35
Azure pending       : 30
ThingsBoard pending : 30

Next edge cycle in 5 seconds...
Exception caught in background thread.  Unable to handle.
['azure.iot.device.common.transport_exceptions.ConnectionFailedError\n']


############################################################################
[2026-08-12 14:14:25] EDGE CYCLE
############################################################################

--- Edge status ---
Temperature : 27.3 °C
Humidity    : 52.0 %
Threshold   : 29.0 °C
State       : NORMAL
LED         : OFF
Buzzer Event: False
Fan Power   : False
Fan Speed   : 1
Oscillation : False

SQLite save : SUCCESS (Record 36)

--- Cloud queue status ---
Total records       : 36
Azure pending       : 31
ThingsBoard pending : 31

Next edge cycle in 5 seconds...


############################################################################
[2026-08-12 14:14:30] EDGE CYCLE
############################################################################

--- Edge status ---
Temperature : 27.8 °C
Humidity    : 52.0 %
Threshold   : 29.0 °C
State       : NORMAL
LED         : OFF
Buzzer Event: False
Fan Power   : False
Fan Speed   : 1
Oscillation : False

SQLite save : SUCCESS (Record 37)

--- Cloud queue status ---
Total records       : 37
Azure pending       : 32
ThingsBoard pending : 32

Next edge cycle in 5 seconds...
Exception caught in background thread.  Unable to handle.
['azure.iot.device.common.transport_exceptions.ConnectionFailedError\n']


############################################################################
[2026-08-12 14:14:35] EDGE CYCLE
############################################################################

--- Edge status ---
Temperature : 27.4 °C
Humidity    : 52.0 %
Threshold   : 29.0 °C
State       : NORMAL
LED         : OFF
Buzzer Event: False
Fan Power   : False
Fan Speed   : 1
Oscillation : False

SQLite save : SUCCESS (Record 38)

--- Cloud queue status ---
Total records       : 38
Azure pending       : 33
ThingsBoard pending : 33

Next edge cycle in 5 seconds...


############################################################################
[2026-08-12 14:14:41] EDGE CYCLE
############################################################################

--- Edge status ---
Temperature : 27.1 °C
Humidity    : 52.0 %
Threshold   : 29.0 °C
State       : NORMAL
LED         : OFF
Buzzer Event: False
Fan Power   : False
Fan Speed   : 1
Oscillation : False

SQLite save : SUCCESS (Record 39)

--- Cloud queue status ---
Total records       : 39
Azure pending       : 34
ThingsBoard pending : 34

Next edge cycle in 5 seconds...
Exception caught in background thread.  Unable to handle.
['azure.iot.device.common.transport_exceptions.ConnectionFailedError\n']


############################################################################
[2026-08-12 14:14:46] EDGE CYCLE
############################################################################

--- Edge status ---
Temperature : 27.5 °C
Humidity    : 52.0 %
Threshold   : 29.0 °C
State       : NORMAL
LED         : OFF
Buzzer Event: False
Fan Power   : False
Fan Speed   : 1
Oscillation : False

SQLite save : SUCCESS (Record 40)

--- Cloud queue status ---
Total records       : 40
Azure pending       : 35
ThingsBoard pending : 35

Next edge cycle in 5 seconds...
Exception caught in background thread.  Unable to handle.
['azure.iot.device.common.transport_exceptions.ConnectionFailedError\n']


############################################################################
[2026-08-12 14:14:52] EDGE CYCLE
############################################################################

--- Edge status ---
Temperature : 27.5 °C
Humidity    : 52.0 %
Threshold   : 29.0 °C
State       : NORMAL
LED         : OFF
Buzzer Event: False
Fan Power   : False
Fan Speed   : 1
Oscillation : False

SQLite save : SUCCESS (Record 41)

--- Cloud queue status ---
Total records       : 41
Azure pending       : 36
ThingsBoard pending : 36

Next edge cycle in 5 seconds...


############################################################################
[2026-08-12 14:14:57] EDGE CYCLE
############################################################################

--- Edge status ---
Temperature : 27.9 °C
Humidity    : 52.0 %
Threshold   : 29.0 °C
State       : NORMAL
LED         : OFF
Buzzer Event: False
Fan Power   : False
Fan Speed   : 1
Oscillation : False

SQLite save : SUCCESS (Record 42)

--- Cloud queue status ---
Total records       : 42
Azure pending       : 37
ThingsBoard pending : 37

Next edge cycle in 5 seconds...
Exception caught in background thread.  Unable to handle.
['azure.iot.device.common.transport_exceptions.ConnectionFailedError\n']


############################################################################
[2026-08-12 14:15:02] EDGE CYCLE
############################################################################

--- Edge status ---
Temperature : 27.9 °C
Humidity    : 52.0 %
Threshold   : 29.0 °C
State       : NORMAL
LED         : OFF
Buzzer Event: False
Fan Power   : False
Fan Speed   : 1
Oscillation : False

SQLite save : SUCCESS (Record 43)

--- Cloud queue status ---
Total records       : 43
Azure pending       : 38
ThingsBoard pending : 38

Next edge cycle in 5 seconds...


############################################################################
[2026-08-12 14:15:08] EDGE CYCLE
############################################################################

--- Edge status ---
Temperature : 27.2 °C
Humidity    : 52.0 %
Threshold   : 29.0 °C
State       : NORMAL
LED         : OFF
Buzzer Event: False
Fan Power   : False
Fan Speed   : 1
Oscillation : False

SQLite save : SUCCESS (Record 44)

--- Cloud queue status ---
Total records       : 44
Azure pending       : 39
ThingsBoard pending : 39

Next edge cycle in 5 seconds...
Exception caught in background thread.  Unable to handle.
['azure.iot.device.common.transport_exceptions.ConnectionFailedError\n']


############################################################################
[2026-08-12 14:15:13] EDGE CYCLE
############################################################################

--- Edge status ---
Temperature : 27.3 °C
Humidity    : 52.0 %
Threshold   : 29.0 °C
State       : NORMAL
LED         : OFF
Buzzer Event: False
Fan Power   : False
Fan Speed   : 1
Oscillation : False

SQLite save : SUCCESS (Record 45)

--- Cloud queue status ---
Total records       : 45
Azure pending       : 40
ThingsBoard pending : 40

Next edge cycle in 5 seconds...


############################################################################
[2026-08-12 14:15:18] EDGE CYCLE
############################################################################

--- Edge status ---
Temperature : 27.5 °C
Humidity    : 52.0 %
Threshold   : 29.0 °C
State       : NORMAL
LED         : OFF
Buzzer Event: False
Fan Power   : False
Fan Speed   : 1
Oscillation : False

SQLite save : SUCCESS (Record 46)

--- Cloud queue status ---
Total records       : 46
Azure pending       : 41
ThingsBoard pending : 41

Next edge cycle in 5 seconds...
Exception caught in background thread.  Unable to handle.
['azure.iot.device.common.transport_exceptions.ConnectionFailedError\n']


############################################################################
[2026-08-12 14:15:24] EDGE CYCLE
############################################################################

--- Edge status ---
Temperature : 27.0 °C
Humidity    : 52.0 %
Threshold   : 29.0 °C
State       : NORMAL
LED         : OFF
Buzzer Event: False
Fan Power   : False
Fan Speed   : 1
Oscillation : False

SQLite save : SUCCESS (Record 47)

--- Cloud queue status ---
Total records       : 47
Azure pending       : 42
ThingsBoard pending : 42

Next edge cycle in 5 seconds...


############################################################################
[2026-08-12 14:15:29] EDGE CYCLE
############################################################################

--- Edge status ---
Temperature : 27.0 °C
Humidity    : 52.0 %
Threshold   : 29.0 °C
State       : NORMAL
LED         : OFF
Buzzer Event: False
Fan Power   : False
Fan Speed   : 1
Oscillation : False

SQLite save : SUCCESS (Record 48)

--- Cloud queue status ---
Total records       : 48
Azure pending       : 43
ThingsBoard pending : 43

Next edge cycle in 5 seconds...
Exception caught in background thread.  Unable to handle.
['azure.iot.device.common.transport_exceptions.ConnectionFailedError\n']


############################################################################
[2026-08-12 14:15:35] EDGE CYCLE
############################################################################

--- Edge status ---
Temperature : 27.0 °C
Humidity    : 52.0 %
Threshold   : 29.0 °C
State       : NORMAL
LED         : OFF
Buzzer Event: False
Fan Power   : False
Fan Speed   : 1
Oscillation : False

SQLite save : SUCCESS (Record 49)

--- Cloud queue status ---
Total records       : 49
Azure pending       : 44
ThingsBoard pending : 44

Next edge cycle in 5 seconds...


############################################################################
[2026-08-12 14:15:40] EDGE CYCLE
############################################################################
  DHT11 attempt 1/5 failed: A full buffer was not returned. Try again.
Exception caught in background thread.  Unable to handle.
['azure.iot.device.common.transport_exceptions.ConnectionFailedError\n']

--- Edge status ---
Temperature : 27.4 °C
Humidity    : 52.0 %
Threshold   : 29.0 °C
State       : NORMAL
LED         : OFF
Buzzer Event: False
Fan Power   : False
Fan Speed   : 1
Oscillation : False

SQLite save : SUCCESS (Record 50)

--- Cloud queue status ---
Total records       : 50
Azure pending       : 45
ThingsBoard pending : 45

Next edge cycle in 5 seconds...


############################################################################
[2026-08-12 14:15:48] EDGE CYCLE
############################################################################

--- Edge status ---
Temperature : 27.8 °C
Humidity    : 52.0 %
Threshold   : 29.0 °C
State       : NORMAL
LED         : OFF
Buzzer Event: False
Fan Power   : False
Fan Speed   : 1
Oscillation : False

SQLite save : SUCCESS (Record 51)

--- Cloud queue status ---
Total records       : 51
Azure pending       : 46
ThingsBoard pending : 46

Next edge cycle in 5 seconds...
Exception caught in background thread.  Unable to handle.
['azure.iot.device.common.transport_exceptions.ConnectionFailedError\n']


############################################################################
[2026-08-12 14:15:53] EDGE CYCLE
############################################################################

--- Edge status ---
Temperature : 27.3 °C
Humidity    : 52.0 %
Threshold   : 29.0 °C
State       : NORMAL
LED         : OFF
Buzzer Event: False
Fan Power   : False
Fan Speed   : 1
Oscillation : False

SQLite save : SUCCESS (Record 52)

--- Cloud queue status ---
Total records       : 52
Azure pending       : 47
ThingsBoard pending : 47

Next edge cycle in 5 seconds...


############################################################################
[2026-08-12 14:15:58] EDGE CYCLE
############################################################################

--- Edge status ---
Temperature : 27.5 °C
Humidity    : 52.0 %
Threshold   : 29.0 °C
State       : NORMAL
LED         : OFF
Buzzer Event: False
Fan Power   : False
Fan Speed   : 1
Oscillation : False

SQLite save : SUCCESS (Record 53)

--- Cloud queue status ---
Total records       : 53
Azure pending       : 48
ThingsBoard pending : 48

Next edge cycle in 5 seconds...
Exception caught in background thread.  Unable to handle.
['azure.iot.device.common.transport_exceptions.ConnectionFailedError\n']


############################################################################
[2026-08-12 14:16:04] EDGE CYCLE
############################################################################

--- Edge status ---
Temperature : 27.1 °C
Humidity    : 52.0 %
Threshold   : 29.0 °C
State       : NORMAL
LED         : OFF
Buzzer Event: False
Fan Power   : False
Fan Speed   : 1
Oscillation : False

SQLite save : SUCCESS (Record 54)

--- Cloud queue status ---
Total records       : 54
Azure pending       : 49
ThingsBoard pending : 49

Next edge cycle in 5 seconds...


############################################################################
[2026-08-12 14:16:09] EDGE CYCLE
############################################################################
  DHT11 attempt 1/5 failed: Checksum did not validate. Try again.
Exception caught in background thread.  Unable to handle.
['azure.iot.device.common.transport_exceptions.ConnectionFailedError\n']

--- Edge status ---
Temperature : 27.5 °C
Humidity    : 52.0 %
Threshold   : 29.0 °C
State       : NORMAL
LED         : OFF
Buzzer Event: False
Fan Power   : False
Fan Speed   : 1
Oscillation : False

SQLite save : SUCCESS (Record 55)

--- Cloud queue status ---
Total records       : 55
Azure pending       : 50
ThingsBoard pending : 50

Next edge cycle in 5 seconds...


############################################################################
[2026-08-12 14:16:17] EDGE CYCLE
############################################################################

--- Edge status ---
Temperature : 27.0 °C
Humidity    : 52.0 %
Threshold   : 29.0 °C
State       : NORMAL
LED         : OFF
Buzzer Event: False
Fan Power   : False
Fan Speed   : 1
Oscillation : False

SQLite save : SUCCESS (Record 56)

--- Cloud queue status ---
Total records       : 56
Azure pending       : 51
ThingsBoard pending : 51

Next edge cycle in 5 seconds...
Exception caught in background thread.  Unable to handle.
['azure.iot.device.common.transport_exceptions.ConnectionFailedError\n']


############################################################################
[2026-08-12 14:16:22] EDGE CYCLE
############################################################################

--- Edge status ---
Temperature : 27.7 °C
Humidity    : 52.0 %
Threshold   : 29.0 °C
State       : NORMAL
LED         : OFF
Buzzer Event: False
Fan Power   : False
Fan Speed   : 1
Oscillation : False

SQLite save : SUCCESS (Record 57)

--- Cloud queue status ---
Total records       : 57
Azure pending       : 52
ThingsBoard pending : 52

Next edge cycle in 5 seconds...


############################################################################
[2026-08-12 14:16:28] EDGE CYCLE
############################################################################

--- Edge status ---
Temperature : 27.1 °C
Humidity    : 52.0 %
Threshold   : 29.0 °C
State       : NORMAL
LED         : OFF
Buzzer Event: False
Fan Power   : False
Fan Speed   : 1
Oscillation : False

SQLite save : SUCCESS (Record 58)

--- Cloud queue status ---
Total records       : 58
Azure pending       : 53
ThingsBoard pending : 53

Next edge cycle in 5 seconds...
Exception caught in background thread.  Unable to handle.
['azure.iot.device.common.transport_exceptions.ConnectionFailedError\n']


############################################################################
[2026-08-12 14:16:33] EDGE CYCLE
############################################################################
  DHT11 attempt 1/5 failed: Checksum did not validate. Try again.

--- Edge status ---
Temperature : 27.3 °C
Humidity    : 52.0 %
Threshold   : 29.0 °C
State       : NORMAL
LED         : OFF
Buzzer Event: False
Fan Power   : False
Fan Speed   : 1
Oscillation : False

SQLite save : SUCCESS (Record 59)

--- Cloud queue status ---
Total records       : 59
Azure pending       : 54
ThingsBoard pending : 54

Next edge cycle in 5 seconds...


############################################################################
[2026-08-12 14:16:41] EDGE CYCLE
############################################################################

--- Edge status ---
Temperature : 27.6 °C
Humidity    : 52.0 %
Threshold   : 29.0 °C
State       : NORMAL
LED         : OFF
Buzzer Event: False
Fan Power   : False
Fan Speed   : 1
Oscillation : False

SQLite save : SUCCESS (Record 60)

--- Cloud queue status ---
Total records       : 60
Azure pending       : 55
ThingsBoard pending : 55

Next edge cycle in 5 seconds...
Exception caught in background thread.  Unable to handle.
['azure.iot.device.common.transport_exceptions.ConnectionFailedError\n']


############################################################################
[2026-08-12 14:16:46] EDGE CYCLE
############################################################################

--- Edge status ---
Temperature : 27.6 °C
Humidity    : 52.0 %
Threshold   : 29.0 °C
State       : NORMAL
LED         : OFF
Buzzer Event: False
Fan Power   : False
Fan Speed   : 1
Oscillation : False

SQLite save : SUCCESS (Record 61)

--- Cloud queue status ---
Total records       : 61
Azure pending       : 56
ThingsBoard pending : 56

Next edge cycle in 5 seconds...
Exception caught in background thread.  Unable to handle.
['azure.iot.device.common.transport_exceptions.ConnectionFailedError\n']


############################################################################
[2026-08-12 14:16:52] EDGE CYCLE
############################################################################

--- Edge status ---
Temperature : 27.9 °C
Humidity    : 52.0 %
Threshold   : 29.0 °C
State       : NORMAL
LED         : OFF
Buzzer Event: False
Fan Power   : False
Fan Speed   : 1
Oscillation : False

SQLite save : SUCCESS (Record 62)

--- Cloud queue status ---
Total records       : 62
Azure pending       : 57
ThingsBoard pending : 57

Next edge cycle in 5 seconds...


############################################################################
[2026-08-12 14:16:57] EDGE CYCLE
############################################################################

--- Edge status ---
Temperature : 27.9 °C
Humidity    : 52.0 %
Threshold   : 29.0 °C
State       : NORMAL
LED         : OFF
Buzzer Event: False
Fan Power   : False
Fan Speed   : 1
Oscillation : False

SQLite save : SUCCESS (Record 63)

--- Cloud queue status ---
Total records       : 63
Azure pending       : 58
ThingsBoard pending : 58

Next edge cycle in 5 seconds...
Exception caught in background thread.  Unable to handle.
['azure.iot.device.common.transport_exceptions.ConnectionFailedError\n']


############################################################################
[2026-08-12 14:17:02] EDGE CYCLE
############################################################################

--- Edge status ---
Temperature : 27.4 °C
Humidity    : 52.0 %
Threshold   : 29.0 °C
State       : NORMAL
LED         : OFF
Buzzer Event: False
Fan Power   : False
Fan Speed   : 1
Oscillation : False

SQLite save : SUCCESS (Record 64)

--- Cloud queue status ---
Total records       : 64
Azure pending       : 59
ThingsBoard pending : 59

Next edge cycle in 5 seconds...


############################################################################
[2026-08-12 14:17:08] EDGE CYCLE
############################################################################

--- Edge status ---
Temperature : 27.0 °C
Humidity    : 52.0 %
Threshold   : 29.0 °C
State       : NORMAL
LED         : OFF
Buzzer Event: False
Fan Power   : False
Fan Speed   : 1
Oscillation : False

SQLite save : SUCCESS (Record 65)

--- Cloud queue status ---
Total records       : 65
Azure pending       : 60
ThingsBoard pending : 60

Next edge cycle in 5 seconds...
Exception caught in background thread.  Unable to handle.
['azure.iot.device.common.transport_exceptions.ConnectionFailedError\n']


############################################################################
[2026-08-12 14:17:13] EDGE CYCLE
############################################################################

--- Edge status ---
Temperature : 27.7 °C
Humidity    : 52.0 %
Threshold   : 29.0 °C
State       : NORMAL
LED         : OFF
Buzzer Event: False
Fan Power   : False
Fan Speed   : 1
Oscillation : False

SQLite save : SUCCESS (Record 66)

--- Cloud queue status ---
Total records       : 66
Azure pending       : 61
ThingsBoard pending : 61

Next edge cycle in 5 seconds...


############################################################################
[2026-08-12 14:17:19] EDGE CYCLE
############################################################################

--- Edge status ---
Temperature : 27.2 °C
Humidity    : 52.0 %
Threshold   : 29.0 °C
State       : NORMAL
LED         : OFF
Buzzer Event: False
Fan Power   : False
Fan Speed   : 1
Oscillation : False

SQLite save : SUCCESS (Record 67)

--- Cloud queue status ---
Total records       : 67
Azure pending       : 62
ThingsBoard pending : 62

Next edge cycle in 5 seconds...
  Azure Record 6: SUCCESS
ThingsBoard queue: 20 pending record(s)
  ThingsBoard Record 6: SUCCESS
  ThingsBoard Record 7: SUCCESS


############################################################################
[2026-08-12 14:17:24] EDGE CYCLE
############################################################################

--- Edge status ---
Temperature : 27.0 °C
Humidity    : 52.0 %
Threshold   : 29.0 °C
State       : NORMAL
LED         : OFF
Buzzer Event: False
Fan Power   : False
Fan Speed   : 1
Oscillation : False

SQLite save : SUCCESS (Record 68)

--- Cloud queue status ---
Total records       : 68
Azure pending       : 62
ThingsBoard pending : 61

Next edge cycle in 5 seconds...
  ThingsBoard Record 8: SUCCESS
  ThingsBoard Record 9: SUCCESS
  ThingsBoard Record 10: SUCCESS
  ThingsBoard Record 11: SUCCESS
  ThingsBoard Record 12: SUCCESS
  ThingsBoard Record 13: SUCCESS


############################################################################
[2026-08-12 14:17:29] EDGE CYCLE
############################################################################

--- Edge status ---
Temperature : 27.3 °C
Humidity    : 52.0 %
Threshold   : 29.0 °C
State       : NORMAL
LED         : OFF
Buzzer Event: False
Fan Power   : False
Fan Speed   : 1
Oscillation : False

SQLite save : SUCCESS (Record 69)

--- Cloud queue status ---
Total records       : 69
Azure pending       : 63
ThingsBoard pending : 56

Next edge cycle in 5 seconds...
  ThingsBoard Record 14: SUCCESS
  ThingsBoard Record 15: SUCCESS
  ThingsBoard Record 16: SUCCESS
  ThingsBoard Record 17: SUCCESS
  ThingsBoard Record 18: SUCCESS
  ThingsBoard Record 19: SUCCESS


############################################################################
[2026-08-12 14:17:35] EDGE CYCLE
############################################################################

--- Edge status ---
Temperature : 27.4 °C
Humidity    : 52.0 %
Threshold   : 29.0 °C
State       : NORMAL
LED         : OFF
Buzzer Event: False
Fan Power   : False
Fan Speed   : 1
Oscillation : False

SQLite save : SUCCESS (Record 70)

--- Cloud queue status ---
Total records       : 70
Azure pending       : 64
ThingsBoard pending : 51

Next edge cycle in 5 seconds...
  ThingsBoard Record 20: SUCCESS
  ThingsBoard Record 21: SUCCESS
  ThingsBoard Record 22: SUCCESS
  ThingsBoard Record 23: SUCCESS
  ThingsBoard Record 24: SUCCESS
  ThingsBoard Record 25: SUCCESS
Sync result:
Azure      : success=1, failed=0
ThingsBoard: success=20, failed=0
Database   : total=70, azurePending=64, thingsboardPending=45


############################################################################
[2026-08-12 14:17:40] EDGE CYCLE
############################################################################

--- Edge status ---
Temperature : 27.8 °C
Humidity    : 52.0 %
Threshold   : 29.0 °C
State       : NORMAL
LED         : OFF
Buzzer Event: False
Fan Power   : False
Fan Speed   : 1
Oscillation : False

SQLite save : SUCCESS (Record 71)

--- Cloud queue status ---
Total records       : 71
Azure pending       : 65
ThingsBoard pending : 46

Next edge cycle in 5 seconds...

--- Dual-cloud sync ---
Azure queue: 20 pending record(s)
  Azure Record 7: SUCCESS
  Azure Record 8: SUCCESS
  Azure Record 9: SUCCESS
  Azure Record 10: SUCCESS


############################################################################
[2026-08-12 14:17:45] EDGE CYCLE
############################################################################
  Azure Record 11: SUCCESS
  Azure Record 12: SUCCESS

--- Edge status ---
Temperature : 27.3 °C
Humidity    : 52.0 %
Threshold   : 29.0 °C
State       : NORMAL
LED         : OFF
Buzzer Event: False
Fan Power   : False
Fan Speed   : 1
Oscillation : False

SQLite save : SUCCESS (Record 72)

--- Cloud queue status ---
Total records       : 72
Azure pending       : 60
ThingsBoard pending : 47

Next edge cycle in 5 seconds...
  Azure Record 13: SUCCESS
  Azure Record 14: SUCCESS
  Azure Record 15: SUCCESS
  Azure Record 16: SUCCESS
  Azure Record 17: SUCCESS
  Azure Record 18: SUCCESS
  Azure Record 19: SUCCESS
  Azure Record 20: SUCCESS
  Azure Record 21: SUCCESS
  Azure Record 22: SUCCESS
  Azure Record 23: SUCCESS
  Azure Record 24: SUCCESS
  Azure Record 25: SUCCESS
  Azure Record 26: SUCCESS
ThingsBoard queue: 20 pending record(s)
  ThingsBoard Record 26: SUCCESS
  ThingsBoard Record 27: SUCCESS
  ThingsBoard Record 28: SUCCESS


############################################################################
[2026-08-12 14:17:51] EDGE CYCLE
############################################################################

--- Edge status ---
Temperature : 27.4 °C
Humidity    : 52.0 %
Threshold   : 29.0 °C
State       : NORMAL
LED         : OFF
Buzzer Event: False
Fan Power   : False
Fan Speed   : 1
Oscillation : False

SQLite save : SUCCESS (Record 73)

--- Cloud queue status ---
Total records       : 73
Azure pending       : 47
ThingsBoard pending : 45

Next edge cycle in 5 seconds...
  ThingsBoard Record 29: SUCCESS
  ThingsBoard Record 30: SUCCESS
  ThingsBoard Record 31: SUCCESS
  ThingsBoard Record 32: SUCCESS
  ThingsBoard Record 33: SUCCESS
  ThingsBoard Record 34: SUCCESS


############################################################################
[2026-08-12 14:17:56] EDGE CYCLE
############################################################################

--- Edge status ---
Temperature : 27.2 °C
Humidity    : 52.0 %
Threshold   : 29.0 °C
State       : NORMAL
LED         : OFF
Buzzer Event: False
Fan Power   : False
Fan Speed   : 1
Oscillation : False

SQLite save : SUCCESS (Record 74)

--- Cloud queue status ---
Total records       : 74
Azure pending       : 48
ThingsBoard pending : 40

Next edge cycle in 5 seconds...
  ThingsBoard Record 35: SUCCESS
  ThingsBoard Record 36: SUCCESS
  ThingsBoard Record 37: SUCCESS
  ThingsBoard Record 38: SUCCESS
  ThingsBoard Record 39: SUCCESS
  ThingsBoard Record 40: SUCCESS


############################################################################
[2026-08-12 14:18:02] EDGE CYCLE
############################################################################

--- Edge status ---
Temperature : 27.4 °C
Humidity    : 52.0 %
Threshold   : 29.0 °C
State       : NORMAL
LED         : OFF
Buzzer Event: False
Fan Power   : False
Fan Speed   : 1
Oscillation : False

SQLite save : SUCCESS (Record 75)

--- Cloud queue status ---
Total records       : 75
Azure pending       : 49
ThingsBoard pending : 35

Next edge cycle in 5 seconds...
  ThingsBoard Record 41: SUCCESS
  ThingsBoard Record 42: SUCCESS
  ThingsBoard Record 43: SUCCESS
  ThingsBoard Record 44: SUCCESS
  ThingsBoard Record 45: SUCCESS
Sync result:
Azure      : success=20, failed=0
ThingsBoard: success=20, failed=0
Database   : total=75, azurePending=49, thingsboardPending=30


############################################################################
[2026-08-12 14:18:07] EDGE CYCLE
############################################################################
  DHT11 attempt 1/5 failed: Checksum did not validate. Try again.

--- Edge status ---
Temperature : 27.6 °C
Humidity    : 52.0 %
Threshold   : 29.0 °C
State       : NORMAL
LED         : OFF
Buzzer Event: False
Fan Power   : False
Fan Speed   : 1
Oscillation : False

SQLite save : SUCCESS (Record 76)

--- Cloud queue status ---
Total records       : 76
Azure pending       : 50
ThingsBoard pending : 31

Next edge cycle in 5 seconds...

--- Dual-cloud sync ---
Azure queue: 20 pending record(s)
  Azure Record 27: SUCCESS
  Azure Record 28: SUCCESS
  Azure Record 29: SUCCESS
  Azure Record 30: SUCCESS
  Azure Record 31: SUCCESS
  Azure Record 32: SUCCESS
  Azure Record 33: SUCCESS
  Azure Record 34: SUCCESS
  Azure Record 35: SUCCESS
  Azure Record 36: SUCCESS
  Azure Record 37: SUCCESS
  Azure Record 38: SUCCESS
  Azure Record 39: SUCCESS
  Azure Record 40: SUCCESS
  Azure Record 41: SUCCESS
  Azure Record 42: SUCCESS
  Azure Record 43: SUCCESS
  Azure Record 44: SUCCESS
  Azure Record 45: SUCCESS
  Azure Record 46: SUCCESS
ThingsBoard queue: 20 pending record(s)
  ThingsBoard Record 46: SUCCESS


############################################################################
[2026-08-12 14:18:15] EDGE CYCLE
############################################################################

--- Edge status ---
Temperature : 27.2 °C
Humidity    : 52.0 %
Threshold   : 29.0 °C
State       : NORMAL
LED         : OFF
Buzzer Event: False
Fan Power   : False
Fan Speed   : 1
Oscillation : False

SQLite save : SUCCESS (Record 77)

--- Cloud queue status ---
Total records       : 77
Azure pending       : 31
ThingsBoard pending : 31

Next edge cycle in 5 seconds...
  ThingsBoard Record 47: SUCCESS
  ThingsBoard Record 48: SUCCESS
  ThingsBoard Record 49: SUCCESS
  ThingsBoard Record 50: SUCCESS
  ThingsBoard Record 51: SUCCESS


############################################################################
[2026-08-12 14:18:20] EDGE CYCLE
############################################################################
  ThingsBoard Record 52: SUCCESS

--- Edge status ---
Temperature : 27.8 °C
Humidity    : 52.0 %
Threshold   : 29.0 °C
State       : NORMAL
LED         : OFF
Buzzer Event: False
Fan Power   : False
Fan Speed   : 1
Oscillation : False

SQLite save : SUCCESS (Record 78)

--- Cloud queue status ---
Total records       : 78
Azure pending       : 32
ThingsBoard pending : 26

Next edge cycle in 5 seconds...
  ThingsBoard Record 53: SUCCESS
  ThingsBoard Record 54: SUCCESS
  ThingsBoard Record 55: SUCCESS
  ThingsBoard Record 56: SUCCESS
  ThingsBoard Record 57: SUCCESS


############################################################################
[2026-08-12 14:18:26] EDGE CYCLE
############################################################################

--- Edge status ---
Temperature : 27.2 °C
Humidity    : 52.0 %
Threshold   : 29.0 °C
State       : NORMAL
LED         : OFF
Buzzer Event: False
Fan Power   : False
Fan Speed   : 1
Oscillation : False
  ThingsBoard Record 58: SUCCESS

SQLite save : SUCCESS (Record 79)

--- Cloud queue status ---
Total records       : 79
Azure pending       : 33
ThingsBoard pending : 21

Next edge cycle in 5 seconds...
  ThingsBoard Record 59: SUCCESS
  ThingsBoard Record 60: SUCCESS
  ThingsBoard Record 61: SUCCESS
  ThingsBoard Record 62: SUCCESS
  ThingsBoard Record 63: SUCCESS


############################################################################
[2026-08-12 14:18:31] EDGE CYCLE
############################################################################

--- Edge status ---
Temperature : 27.8 °C
Humidity    : 52.0 %
Threshold   : 29.0 °C
State       : NORMAL
LED         : OFF
Buzzer Event: False
Fan Power   : False
Fan Speed   : 1
Oscillation : False

SQLite save : SUCCESS (Record 80)

--- Cloud queue status ---
Total records       : 80
Azure pending       : 34
ThingsBoard pending : 17

Next edge cycle in 5 seconds...
  ThingsBoard Record 64: SUCCESS
  ThingsBoard Record 65: SUCCESS
Sync result:
Azure      : success=20, failed=0
ThingsBoard: success=20, failed=0
Database   : total=80, azurePending=34, thingsboardPending=15


############################################################################
[2026-08-12 14:18:36] EDGE CYCLE
############################################################################

--- Edge status ---
Temperature : 27.6 °C
Humidity    : 52.0 %
Threshold   : 29.0 °C
State       : NORMAL
LED         : OFF
Buzzer Event: False
Fan Power   : False
Fan Speed   : 1
Oscillation : False

SQLite save : SUCCESS (Record 81)

--- Cloud queue status ---
Total records       : 81
Azure pending       : 35
ThingsBoard pending : 16

Next edge cycle in 5 seconds...

--- Dual-cloud sync ---
Azure queue: 20 pending record(s)
  Azure Record 47: SUCCESS
  Azure Record 48: SUCCESS
  Azure Record 49: SUCCESS
  Azure Record 50: SUCCESS
  Azure Record 51: SUCCESS
  Azure Record 52: SUCCESS
  Azure Record 53: SUCCESS
  Azure Record 54: SUCCESS
  Azure Record 55: SUCCESS
  Azure Record 56: SUCCESS
  Azure Record 57: SUCCESS
  Azure Record 58: SUCCESS
  Azure Record 59: SUCCESS
  Azure Record 60: SUCCESS
  Azure Record 61: SUCCESS
  Azure Record 62: SUCCESS
  Azure Record 63: SUCCESS
  Azure Record 64: SUCCESS
  Azure Record 65: SUCCESS
  Azure Record 66: SUCCESS
ThingsBoard queue: 16 pending record(s)
  ThingsBoard Record 66: SUCCESS


############################################################################
[2026-08-12 14:18:42] EDGE CYCLE
############################################################################

--- Edge status ---
Temperature : 27.4 °C
Humidity    : 52.0 %
Threshold   : 29.0 °C
State       : NORMAL
LED         : OFF
Buzzer Event: False
Fan Power   : False
Fan Speed   : 1
Oscillation : False

SQLite save : SUCCESS (Record 82)

--- Cloud queue status ---
Total records       : 82
Azure pending       : 16
ThingsBoard pending : 16

Next edge cycle in 5 seconds...
  ThingsBoard Record 67: SUCCESS
  ThingsBoard Record 68: SUCCESS
  ThingsBoard Record 69: SUCCESS
  ThingsBoard Record 70: SUCCESS
  ThingsBoard Record 71: SUCCESS
  ThingsBoard Record 72: SUCCESS


############################################################################
[2026-08-12 14:18:47] EDGE CYCLE
############################################################################

--- Edge status ---
Temperature : 27.7 °C
Humidity    : 52.0 %
Threshold   : 29.0 °C
State       : NORMAL
LED         : OFF
Buzzer Event: False
Fan Power   : False
Fan Speed   : 1
Oscillation : False

SQLite save : SUCCESS (Record 83)

--- Cloud queue status ---
Total records       : 83
Azure pending       : 17
ThingsBoard pending : 11

Next edge cycle in 5 seconds...
  ThingsBoard Record 73: SUCCESS
  ThingsBoard Record 74: SUCCESS
  ThingsBoard Record 75: SUCCESS
  ThingsBoard Record 76: SUCCESS
  ThingsBoard Record 77: SUCCESS


############################################################################
[2026-08-12 14:18:52] EDGE CYCLE
############################################################################

--- Edge status ---
Temperature : 27.5 °C
Humidity    : 52.0 %
Threshold   : 29.0 °C
State       : NORMAL
LED         : OFF
Buzzer Event: False
Fan Power   : False
Fan Speed   : 1
Oscillation : False

SQLite save : SUCCESS (Record 84)

--- Cloud queue status ---
Total records       : 84
Azure pending       : 18
ThingsBoard pending : 7

Next edge cycle in 5 seconds...
  ThingsBoard Record 78: SUCCESS
  ThingsBoard Record 79: SUCCESS
  ThingsBoard Record 80: SUCCESS
  ThingsBoard Record 81: SUCCESS
Sync result:
Azure      : success=20, failed=0
ThingsBoard: success=16, failed=0
Database   : total=84, azurePending=18, thingsboardPending=3


############################################################################
[2026-08-12 14:18:58] EDGE CYCLE
############################################################################

--- Edge status ---
Temperature : 27.7 °C
Humidity    : 52.0 %
Threshold   : 29.0 °C
State       : NORMAL
LED         : OFF
Buzzer Event: False
Fan Power   : False
Fan Speed   : 1
Oscillation : False

SQLite save : SUCCESS (Record 85)

--- Cloud queue status ---
Total records       : 85
Azure pending       : 19
ThingsBoard pending : 4

Next edge cycle in 5 seconds...

--- Dual-cloud sync ---
Azure queue: 19 pending record(s)
  Azure Record 67: SUCCESS
  Azure Record 68: SUCCESS
  Azure Record 69: SUCCESS
  Azure Record 70: SUCCESS
  Azure Record 71: SUCCESS
  Azure Record 72: SUCCESS
  Azure Record 73: SUCCESS
  Azure Record 74: SUCCESS
  Azure Record 75: SUCCESS
  Azure Record 76: SUCCESS
  Azure Record 77: SUCCESS
  Azure Record 78: SUCCESS
  Azure Record 79: SUCCESS
  Azure Record 80: SUCCESS
  Azure Record 81: SUCCESS


############################################################################
[2026-08-12 14:19:03] EDGE CYCLE
############################################################################
  Azure Record 82: SUCCESS
  Azure Record 83: SUCCESS

--- Edge status ---
Temperature : 27.5 °C
Humidity    : 52.0 %
Threshold   : 29.0 °C
State       : NORMAL
LED         : OFF
Buzzer Event: False
Fan Power   : False
Fan Speed   : 1
Oscillation : False

SQLite save : SUCCESS (Record 86)

--- Cloud queue status ---
Total records       : 86
Azure pending       : 3
ThingsBoard pending : 5

Next edge cycle in 5 seconds...
  Azure Record 84: SUCCESS
  Azure Record 85: SUCCESS
ThingsBoard queue: 5 pending record(s)
  ThingsBoard Record 82: SUCCESS
  ThingsBoard Record 83: SUCCESS
  ThingsBoard Record 84: SUCCESS
  ThingsBoard Record 85: SUCCESS
  ThingsBoard Record 86: SUCCESS
Sync result:
Azure      : success=19, failed=0
ThingsBoard: success=5, failed=0
Database   : total=86, azurePending=1, thingsboardPending=0


############################################################################
[2026-08-12 14:19:09] EDGE CYCLE
############################################################################

--- Edge status ---
Temperature : 27.8 °C
Humidity    : 52.0 %
Threshold   : 29.0 °C
State       : NORMAL
LED         : OFF
Buzzer Event: False
Fan Power   : False
Fan Speed   : 1
Oscillation : False

SQLite save : SUCCESS (Record 87)

--- Cloud queue status ---
Total records       : 87
Azure pending       : 2
ThingsBoard pending : 1

Next edge cycle in 5 seconds...

--- Dual-cloud sync ---
Azure queue: 2 pending record(s)
  Azure Record 86: SUCCESS
  Azure Record 87: SUCCESS
ThingsBoard queue: 1 pending record(s)


############################################################################
[2026-08-12 14:19:14] EDGE CYCLE
############################################################################

--- Edge status ---
Temperature : 27.7 °C
Humidity    : 52.0 %
Threshold   : 29.0 °C
State       : NORMAL
LED         : OFF
Buzzer Event: False
Fan Power   : False
Fan Speed   : 1
Oscillation : False

SQLite save : SUCCESS (Record 88)

--- Cloud queue status ---
Total records       : 88
Azure pending       : 1
ThingsBoard pending : 2

Next edge cycle in 5 seconds...
  ThingsBoard Record 87: SUCCESS
Sync result:
Azure      : success=2, failed=0
ThingsBoard: success=1, failed=0
Database   : total=88, azurePending=1, thingsboardPending=1


############################################################################
[2026-08-12 14:19:19] EDGE CYCLE
############################################################################

--- Dual-cloud sync ---
Azure queue: 1 pending record(s)

--- Edge status ---
Temperature : 27.9 °C
Humidity    : 52.0 %
Threshold   : 29.0 °C
State       : NORMAL
LED         : OFF
Buzzer Event: False
Fan Power   : False
Fan Speed   : 1
Oscillation : False

SQLite save : SUCCESS (Record 89)

--- Cloud queue status ---
Total records       : 89
Azure pending       : 2
ThingsBoard pending : 2

Next edge cycle in 5 seconds...
  Azure Record 88: SUCCESS
ThingsBoard queue: 2 pending record(s)
  ThingsBoard Record 88: SUCCESS
  ThingsBoard Record 89: SUCCESS
Sync result:
Azure      : success=1, failed=0
ThingsBoard: success=2, failed=0
Database   : total=89, azurePending=1, thingsboardPending=0


############################################################################
[2026-08-12 14:19:25] EDGE CYCLE
############################################################################

--- Edge status ---
Temperature : 27.0 °C
Humidity    : 52.0 %
Threshold   : 29.0 °C
State       : NORMAL
LED         : OFF
Buzzer Event: False
Fan Power   : False
Fan Speed   : 1
Oscillation : False

SQLite save : SUCCESS (Record 90)

--- Cloud queue status ---
Total records       : 90
Azure pending       : 2
ThingsBoard pending : 1

Next edge cycle in 5 seconds...

--- Dual-cloud sync ---
Azure queue: 2 pending record(s)
  Azure Record 89: SUCCESS
  Azure Record 90: SUCCESS
ThingsBoard queue: 1 pending record(s)
  ThingsBoard Record 90: SUCCESS
Sync result:
Azure      : success=2, failed=0
ThingsBoard: success=1, failed=0
Database   : total=90, azurePending=0, thingsboardPending=0


############################################################################
[2026-08-12 14:19:30] EDGE CYCLE
############################################################################

--- Edge status ---
Temperature : 27.1 °C
Humidity    : 52.0 %
Threshold   : 29.0 °C
State       : NORMAL
LED         : OFF
Buzzer Event: False
Fan Power   : False
Fan Speed   : 1
Oscillation : False

SQLite save : SUCCESS (Record 91)

--- Cloud queue status ---
Total records       : 91
Azure pending       : 1
ThingsBoard pending : 1

Next edge cycle in 5 seconds...
