
====================================================================
CLOUD CONFIGURATION UPDATE RECEIVED
====================================================================
Configuration received, but no effective values changed.
====================================================================
============================================================================
Azure + ThingsBoard Edge-Cloud Environmental Control System
Production Architecture V5
Edge / Cloud communication decoupled
SQLite dual-cloud queue enabled
============================================================================

Local edge system starting...
Cloud connection will be handled by background worker.

Active local configuration:
{'highTemperatureThreshold': 29.0, 'autoMode': True, 'buzzerEnabled': True, 'fanEnabled': True}

IMPORTANT:
Physical fan must be OFF before starting this program.
Background cloud sync: STARTED

--- Dual-cloud sync ---

Background cloud synchronization started.
Main edge-control loop started.
Press Ctrl+C to stop.
============================================================================


############################################################################
[2026-08-12 10:08:11] EDGE CYCLE
############################################################################
Azure queue: 1 pending record(s)
Attempting Azure reconnection...
  DHT11 attempt 1/5 failed: Checksum did not validate. Try again.

====================================================================
CLOUD CONFIGURATION UPDATE RECEIVED
====================================================================
Configuration received, but no effective values changed.
====================================================================
Azure connection: ONLINE
  Azure Record 1539: SUCCESS
ThingsBoard queue: 1 pending record(s)
  ThingsBoard Record 1539: SUCCESS
Sync result:
Azure      : success=1, failed=0
ThingsBoard: success=1, failed=0
Database   : total=1539, azurePending=0, thingsboardPending=0

--- Edge status ---
Temperature : 27.5 °C
Humidity    : 49.0 %
Threshold   : 29.0 °C
State       : NORMAL
LED         : OFF
Buzzer Event: False
Fan Power   : False
Fan Speed   : 1
Oscillation : False

SQLite save : SUCCESS (Record 1540)

--- Cloud queue status ---
Total records       : 1540
Azure pending       : 1
ThingsBoard pending : 1

Next edge cycle in 5 seconds...

--- Dual-cloud sync ---
Azure queue: 1 pending record(s)
  Azure Record 1540: SUCCESS
ThingsBoard queue: 1 pending record(s)
  ThingsBoard Record 1540: SUCCESS
Sync result:
Azure      : success=1, failed=0
ThingsBoard: success=1, failed=0
Database   : total=1540, azurePending=0, thingsboardPending=0


############################################################################
[2026-08-12 10:08:19] EDGE CYCLE
############################################################################
  DHT11 attempt 1/5 failed: A full buffer was not returned. Try again.

--- Edge status ---
Temperature : 27.2 °C
Humidity    : 49.0 %
Threshold   : 29.0 °C
State       : NORMAL
LED         : OFF
Buzzer Event: False
Fan Power   : False
Fan Speed   : 1
Oscillation : False

SQLite save : SUCCESS (Record 1541)

--- Cloud queue status ---
Total records       : 1541
Azure pending       : 1
ThingsBoard pending : 1

Next edge cycle in 5 seconds...

--- Dual-cloud sync ---
Azure queue: 1 pending record(s)
  Azure Record 1541: SUCCESS
ThingsBoard queue: 1 pending record(s)
  ThingsBoard Record 1541: SUCCESS
Sync result:
Azure      : success=1, failed=0
ThingsBoard: success=1, failed=0
Database   : total=1541, azurePending=0, thingsboardPending=0


############################################################################
[2026-08-12 10:08:27] EDGE CYCLE
############################################################################
  DHT11 attempt 1/5 failed: Checksum did not validate. Try again.
  DHT11 attempt 2/5 failed: Checksum did not validate. Try again.

--- Dual-cloud sync ---
Azure queue: empty
ThingsBoard queue: empty
Sync result:
Azure      : success=0, failed=0
ThingsBoard: success=0, failed=0
Database   : total=1541, azurePending=0, thingsboardPending=0

--- Edge status ---
Temperature : 27.4 °C
Humidity    : 49.0 %
Threshold   : 29.0 °C
State       : NORMAL
LED         : OFF
Buzzer Event: False
Fan Power   : False
Fan Speed   : 1
Oscillation : False

SQLite save : SUCCESS (Record 1542)

--- Cloud queue status ---
Total records       : 1542
Azure pending       : 1
ThingsBoard pending : 1

Next edge cycle in 5 seconds...

--- Dual-cloud sync ---
Azure queue: 1 pending record(s)
  Azure Record 1542: SUCCESS
ThingsBoard queue: 1 pending record(s)
  ThingsBoard Record 1542: SUCCESS
Sync result:
Azure      : success=1, failed=0
ThingsBoard: success=1, failed=0
Database   : total=1542, azurePending=0, thingsboardPending=0


############################################################################
[2026-08-12 10:08:37] EDGE CYCLE
############################################################################

--- Edge status ---
Temperature : 27.8 °C
Humidity    : 49.0 %
Threshold   : 29.0 °C
State       : NORMAL
LED         : OFF
Buzzer Event: False
Fan Power   : False
Fan Speed   : 1
Oscillation : False

SQLite save : SUCCESS (Record 1543)

--- Cloud queue status ---
Total records       : 1543
Azure pending       : 1
ThingsBoard pending : 1

Next edge cycle in 5 seconds...

--- Dual-cloud sync ---
Azure queue: 1 pending record(s)
  Azure Record 1543: SUCCESS
ThingsBoard queue: 1 pending record(s)
  ThingsBoard Record 1543: SUCCESS
Sync result:
Azure      : success=1, failed=0
ThingsBoard: success=1, failed=0
Database   : total=1543, azurePending=0, thingsboardPending=0


############################################################################
[2026-08-12 10:08:42] EDGE CYCLE
############################################################################

--- Edge status ---
Temperature : 27.4 °C
Humidity    : 49.0 %
Threshold   : 29.0 °C
State       : NORMAL
LED         : OFF
Buzzer Event: False
Fan Power   : False
Fan Speed   : 1
Oscillation : False

SQLite save : SUCCESS (Record 1544)

--- Cloud queue status ---
Total records       : 1544
Azure pending       : 1
ThingsBoard pending : 1

Next edge cycle in 5 seconds...

--- Dual-cloud sync ---
Azure queue: 1 pending record(s)
  Azure Record 1544: SUCCESS
ThingsBoard queue: 1 pending record(s)


############################################################################
[2026-08-12 10:08:48] EDGE CYCLE
############################################################################
  DHT11 attempt 1/5 failed: A full buffer was not returned. Try again.
  ThingsBoard Record 1544: SUCCESS
Sync result:
Azure      : success=1, failed=0
ThingsBoard: success=1, failed=0
Database   : total=1544, azurePending=0, thingsboardPending=0

--- Edge status ---
Temperature : 27.3 °C
Humidity    : 49.0 %
Threshold   : 29.0 °C
State       : NORMAL
LED         : OFF
Buzzer Event: False
Fan Power   : False
Fan Speed   : 1
Oscillation : False

SQLite save : SUCCESS (Record 1545)

--- Cloud queue status ---
Total records       : 1545
Azure pending       : 1
ThingsBoard pending : 1

Next edge cycle in 5 seconds...

--- Dual-cloud sync ---
Azure queue: 1 pending record(s)
  Azure Record 1545: SUCCESS
ThingsBoard queue: 1 pending record(s)
  ThingsBoard Record 1545: SUCCESS
Sync result:
Azure      : success=1, failed=0
ThingsBoard: success=1, failed=0
Database   : total=1545, azurePending=0, thingsboardPending=0


############################################################################
[2026-08-12 10:08:56] EDGE CYCLE
############################################################################

--- Edge status ---
Temperature : 27.1 °C
Humidity    : 49.0 %
Threshold   : 29.0 °C
State       : NORMAL
LED         : OFF
Buzzer Event: False
Fan Power   : False
Fan Speed   : 1
Oscillation : False

SQLite save : SUCCESS (Record 1546)

--- Cloud queue status ---
Total records       : 1546
Azure pending       : 1
ThingsBoard pending : 1

Next edge cycle in 5 seconds...

--- Dual-cloud sync ---
Azure queue: 1 pending record(s)


############################################################################
[2026-08-12 10:09:01] EDGE CYCLE
############################################################################
  DHT11 attempt 1/5 failed: Received unplausible data. Try again.

--- Edge status ---
Temperature : 27.0 °C
Humidity    : 49.0 %
Threshold   : 29.0 °C
State       : NORMAL
LED         : OFF
Buzzer Event: False
Fan Power   : False
Fan Speed   : 1
Oscillation : False

SQLite save : SUCCESS (Record 1547)

--- Cloud queue status ---
Total records       : 1547
Azure pending       : 2
ThingsBoard pending : 2

Next edge cycle in 5 seconds...


############################################################################
[2026-08-12 10:09:09] EDGE CYCLE
############################################################################
  DHT11 attempt 1/5 failed: Checksum did not validate. Try again.

--- Edge status ---
Temperature : 27.0 °C
Humidity    : 49.0 %
Threshold   : 29.0 °C
State       : NORMAL
LED         : OFF
Buzzer Event: False
Fan Power   : False
Fan Speed   : 1
Oscillation : False

SQLite save : SUCCESS (Record 1548)

--- Cloud queue status ---
Total records       : 1548
Azure pending       : 3
ThingsBoard pending : 3

Next edge cycle in 5 seconds...


############################################################################
[2026-08-12 10:09:17] EDGE CYCLE
############################################################################
  DHT11 attempt 1/5 failed: Checksum did not validate. Try again.

--- Edge status ---
Temperature : 27.7 °C
Humidity    : 49.0 %
Threshold   : 29.0 °C
State       : NORMAL
LED         : OFF
Buzzer Event: False
Fan Power   : False
Fan Speed   : 1
Oscillation : False

SQLite save : SUCCESS (Record 1549)

--- Cloud queue status ---
Total records       : 1549
Azure pending       : 4
ThingsBoard pending : 4

Next edge cycle in 5 seconds...


############################################################################
[2026-08-12 10:09:24] EDGE CYCLE
############################################################################
  DHT11 attempt 1/5 failed: A full buffer was not returned. Try again.

--- Edge status ---
Temperature : 27.5 °C
Humidity    : 49.0 %
Threshold   : 29.0 °C
State       : NORMAL
LED         : OFF
Buzzer Event: False
Fan Power   : False
Fan Speed   : 1
Oscillation : False

SQLite save : SUCCESS (Record 1550)

--- Cloud queue status ---
Total records       : 1550
Azure pending       : 5
ThingsBoard pending : 5

Next edge cycle in 5 seconds...


############################################################################
[2026-08-12 10:09:32] EDGE CYCLE
############################################################################

--- Edge status ---
Temperature : 27.3 °C
Humidity    : 49.0 %
Threshold   : 29.0 °C
State       : NORMAL
LED         : OFF
Buzzer Event: False
Fan Power   : False
Fan Speed   : 1
Oscillation : False

SQLite save : SUCCESS (Record 1551)

--- Cloud queue status ---
Total records       : 1551
Azure pending       : 6
ThingsBoard pending : 6

Next edge cycle in 5 seconds...


############################################################################
[2026-08-12 10:09:37] EDGE CYCLE
############################################################################

--- Edge status ---
Temperature : 27.4 °C
Humidity    : 50.0 %
Threshold   : 29.0 °C
State       : NORMAL
LED         : OFF
Buzzer Event: False
Fan Power   : False
Fan Speed   : 1
Oscillation : False

SQLite save : SUCCESS (Record 1552)

--- Cloud queue status ---
Total records       : 1552
Azure pending       : 7
ThingsBoard pending : 7

Next edge cycle in 5 seconds...


############################################################################
[2026-08-12 10:09:43] EDGE CYCLE
############################################################################

--- Edge status ---
Temperature : 27.1 °C
Humidity    : 52.0 %
Threshold   : 29.0 °C
State       : NORMAL
LED         : OFF
Buzzer Event: False
Fan Power   : False
Fan Speed   : 1
Oscillation : False

SQLite save : SUCCESS (Record 1553)

--- Cloud queue status ---
Total records       : 1553
Azure pending       : 8
ThingsBoard pending : 8

Next edge cycle in 5 seconds...


############################################################################
[2026-08-12 10:09:48] EDGE CYCLE
############################################################################
  DHT11 attempt 1/5 failed: Checksum did not validate. Try again.

====================================================================
STATE CHANGED
NORMAL -> HIGH_TEMPERATURE
====================================================================
High temperature detected. Triggering buzzer once...
High temperature detected. Turning fan ON...
Sending FAN POWER ON...
Fan state: ON, assumed speed level 1.
Fan speed: 1 -> 2
Fan target speed reached: level 2

--- Edge status ---
Temperature : 29.6 °C
Humidity    : 74.0 %
Threshold   : 29.0 °C
State       : HIGH_TEMPERATURE
LED         : ON
Buzzer Event: True
Fan Power   : True
Fan Speed   : 2
Oscillation : False

SQLite save : SUCCESS (Record 1554)

--- Cloud queue status ---
Total records       : 1554
Azure pending       : 9
ThingsBoard pending : 9

Next edge cycle in 5 seconds...


############################################################################
[2026-08-12 10:09:57] EDGE CYCLE
############################################################################

--- Edge status ---
Temperature : 29.8 °C
Humidity    : 75.0 %
Threshold   : 29.0 °C
State       : HIGH_TEMPERATURE
LED         : ON
Buzzer Event: False
Fan Power   : True
Fan Speed   : 2
Oscillation : False

SQLite save : SUCCESS (Record 1555)

--- Cloud queue status ---
Total records       : 1555
Azure pending       : 10
ThingsBoard pending : 10

Next edge cycle in 5 seconds...


############################################################################
[2026-08-12 10:10:02] EDGE CYCLE
############################################################################

--- Edge status ---
Temperature : 29.1 °C
Humidity    : 76.0 %
Threshold   : 29.0 °C
State       : HIGH_TEMPERATURE
LED         : ON
Buzzer Event: False
Fan Power   : True
Fan Speed   : 2
Oscillation : False

SQLite save : SUCCESS (Record 1556)

--- Cloud queue status ---
Total records       : 1556
Azure pending       : 11
ThingsBoard pending : 11

Next edge cycle in 5 seconds...


############################################################################
[2026-08-12 10:10:07] EDGE CYCLE
############################################################################

--- Edge status ---
Temperature : 29.4 °C
Humidity    : 74.0 %
Threshold   : 29.0 °C
State       : HIGH_TEMPERATURE
LED         : ON
Buzzer Event: False
Fan Power   : True
Fan Speed   : 2
Oscillation : False

SQLite save : SUCCESS (Record 1557)

--- Cloud queue status ---
Total records       : 1557
Azure pending       : 12
ThingsBoard pending : 12

Next edge cycle in 5 seconds...


############################################################################ConnectionStateStage: DisconnectEvent received while in unexpected state - ConnectionState.DISCONNECTED
Exception caught in background thread.  Unable to handle.
['azure.iot.device.common.transport_exceptions.ConnectionDroppedError: Unexpected disconnection\n']

[2026-08-12 10:10:13] EDGE CYCLE
############################################################################
Exception caught in background thread.  Unable to handle.
['azure.iot.device.common.transport_exceptions.ConnectionDroppedError: Unexpected disconnection\n']
Exception caught in background thread.  Unable to handle.
['azure.iot.device.common.transport_exceptions.ConnectionFailedError\n']

--- Edge status ---
Temperature : 29.3 °C
Humidity    : 71.0 %
Threshold   : 29.0 °C
State       : HIGH_TEMPERATURE
LED         : ON
Buzzer Event: False
Fan Power   : True
Fan Speed   : 2
Oscillation : False

SQLite save : SUCCESS (Record 1558)

--- Cloud queue status ---
Total records       : 1558
Azure pending       : 13
ThingsBoard pending : 13

Next edge cycle in 5 seconds...


############################################################################
[2026-08-12 10:10:18] EDGE CYCLE
############################################################################

--- Edge status ---
Temperature : 29.4 °C
Humidity    : 67.0 %
Threshold   : 29.0 °C
State       : HIGH_TEMPERATURE
LED         : ON
Buzzer Event: False
Fan Power   : True
Fan Speed   : 2
Oscillation : False

SQLite save : SUCCESS (Record 1559)

--- Cloud queue status ---
Total records       : 1559
Azure pending       : 14
ThingsBoard pending : 14

Next edge cycle in 5 seconds...
Exception caught in background thread.  Unable to handle.
['azure.iot.device.common.transport_exceptions.ConnectionFailedError\n']


############################################################################
[2026-08-12 10:10:23] EDGE CYCLE
############################################################################

--- Edge status ---
Temperature : 29.7 °C
Humidity    : 64.0 %
Threshold   : 29.0 °C
State       : HIGH_TEMPERATURE
LED         : ON
Buzzer Event: False
Fan Power   : True
Fan Speed   : 2
Oscillation : False

SQLite save : SUCCESS (Record 1560)

--- Cloud queue status ---
Total records       : 1560
Azure pending       : 15
ThingsBoard pending : 15

Next edge cycle in 5 seconds...


############################################################################
[2026-08-12 10:10:29] EDGE CYCLE
############################################################################

--- Edge status ---
Temperature : 29.9 °C
Humidity    : 61.0 %
Threshold   : 29.0 °C
State       : HIGH_TEMPERATURE
LED         : ON
Buzzer Event: False
Fan Power   : True
Fan Speed   : 2
Oscillation : False

SQLite save : SUCCESS (Record 1561)

--- Cloud queue status ---
Total records       : 1561
Azure pending       : 16
ThingsBoard pending : 16

Next edge cycle in 5 seconds...
Exception caught in background thread.  Unable to handle.
['azure.iot.device.common.transport_exceptions.ConnectionFailedError\n']


############################################################################
[2026-08-12 10:10:34] EDGE CYCLE
############################################################################
  DHT11 attempt 1/5 failed: Checksum did not validate. Try again.

--- Edge status ---
Temperature : 29.8 °C
Humidity    : 58.0 %
Threshold   : 29.0 °C
State       : HIGH_TEMPERATURE
LED         : ON
Buzzer Event: False
Fan Power   : True
Fan Speed   : 2
Oscillation : False

SQLite save : SUCCESS (Record 1562)

--- Cloud queue status ---
Total records       : 1562
Azure pending       : 17
ThingsBoard pending : 17

Next edge cycle in 5 seconds...


############################################################################
[2026-08-12 10:10:42] EDGE CYCLE
############################################################################

--- Edge status ---
Temperature : 29.1 °C
Humidity    : 58.0 %
Threshold   : 29.0 °C
State       : HIGH_TEMPERATURE
LED         : ON
Buzzer Event: False
Fan Power   : True
Fan Speed   : 2
Oscillation : False

SQLite save : SUCCESS (Record 1563)

--- Cloud queue status ---
Total records       : 1563
Azure pending       : 18
ThingsBoard pending : 18

Next edge cycle in 5 seconds...
Exception caught in background thread.  Unable to handle.
['azure.iot.device.common.transport_exceptions.ConnectionFailedError\n']


############################################################################
[2026-08-12 10:10:47] EDGE CYCLE
############################################################################

--- Edge status ---
Temperature : 29.2 °C
Humidity    : 56.0 %
Threshold   : 29.0 °C
State       : HIGH_TEMPERATURE
LED         : ON
Buzzer Event: False
Fan Power   : True
Fan Speed   : 2
Oscillation : False

SQLite save : SUCCESS (Record 1564)

--- Cloud queue status ---
Total records       : 1564
Azure pending       : 19
ThingsBoard pending : 19

Next edge cycle in 5 seconds...


############################################################################
[2026-08-12 10:10:53] EDGE CYCLE
############################################################################
Exception caught in background thread.  Unable to handle.
['azure.iot.device.common.transport_exceptions.ConnectionFailedError\n']
  DHT11 attempt 1/5 failed: Checksum did not validate. Try again.

--- Edge status ---
Temperature : 29.9 °C
Humidity    : 52.0 %
Threshold   : 29.0 °C
State       : HIGH_TEMPERATURE
LED         : ON
Buzzer Event: False
Fan Power   : True
Fan Speed   : 2
Oscillation : False

SQLite save : SUCCESS (Record 1565)

--- Cloud queue status ---
Total records       : 1565
Azure pending       : 20
ThingsBoard pending : 20

Next edge cycle in 5 seconds...


############################################################################
[2026-08-12 10:11:01] EDGE CYCLE
############################################################################

--- Edge status ---
Temperature : 29.7 °C
Humidity    : 51.0 %
Threshold   : 29.0 °C
State       : HIGH_TEMPERATURE
LED         : ON
Buzzer Event: False
Fan Power   : True
Fan Speed   : 2
Oscillation : False

SQLite save : SUCCESS (Record 1566)

--- Cloud queue status ---
Total records       : 1566
Azure pending       : 21
ThingsBoard pending : 21

Next edge cycle in 5 seconds...
Exception caught in background thread.  Unable to handle.
['azure.iot.device.common.transport_exceptions.ConnectionFailedError\n']


############################################################################
[2026-08-12 10:11:06] EDGE CYCLE
############################################################################

--- Edge status ---
Temperature : 29.2 °C
Humidity    : 49.0 %
Threshold   : 29.0 °C
State       : HIGH_TEMPERATURE
LED         : ON
Buzzer Event: False
Fan Power   : True
Fan Speed   : 2
Oscillation : False

SQLite save : SUCCESS (Record 1567)

--- Cloud queue status ---
Total records       : 1567
Azure pending       : 22
ThingsBoard pending : 22

Next edge cycle in 5 seconds...


############################################################################
[2026-08-12 10:11:11] EDGE CYCLE
############################################################################

--- Edge status ---
Temperature : 29.5 °C
Humidity    : 48.0 %
Threshold   : 29.0 °C
State       : HIGH_TEMPERATURE
LED         : ON
Buzzer Event: False
Fan Power   : True
Fan Speed   : 2
Oscillation : False

SQLite save : SUCCESS (Record 1568)

--- Cloud queue status ---
Total records       : 1568
Azure pending       : 23
ThingsBoard pending : 23

Next edge cycle in 5 seconds...
  Azure Record 1546: SUCCESS
ThingsBoard queue: 20 pending record(s)
  ThingsBoard Record 1546: SUCCESS
  ThingsBoard Record 1547: SUCCESS
  ThingsBoard Record 1548: SUCCESS


############################################################################
[2026-08-12 10:11:17] EDGE CYCLE
############################################################################
  ThingsBoard Record 1549: SUCCESS

--- Edge status ---
Temperature : 29.4 °C
Humidity    : 47.0 %
Threshold   : 29.0 °C
State       : HIGH_TEMPERATURE
LED         : ON
Buzzer Event: False
Fan Power   : True
Fan Speed   : 2
Oscillation : False

SQLite save : SUCCESS (Record 1569)

--- Cloud queue status ---
Total records       : 1569
Azure pending       : 23
ThingsBoard pending : 20

Next edge cycle in 5 seconds...
  ThingsBoard Record 1550: SUCCESS
  ThingsBoard Record 1551: SUCCESS
  ThingsBoard Record 1552: SUCCESS
  ThingsBoard Record 1553: SUCCESS
  ThingsBoard Record 1554: SUCCESS


############################################################################
[2026-08-12 10:11:22] EDGE CYCLE
############################################################################
  ThingsBoard Record 1555: SUCCESS
  DHT11 attempt 1/5 failed: Checksum did not validate. Try again.
  ThingsBoard Record 1556: SUCCESS
  ThingsBoard Record 1557: SUCCESS
  ThingsBoard Record 1558: SUCCESS

--- Edge status ---
Temperature : 29.5 °C
Humidity    : 46.0 %
Threshold   : 29.0 °C
State       : HIGH_TEMPERATURE
LED         : ON
Buzzer Event: False
Fan Power   : True
Fan Speed   : 2
Oscillation : False

SQLite save : SUCCESS (Record 1570)

--- Cloud queue status ---
Total records       : 1570
Azure pending       : 24
ThingsBoard pending : 12

Next edge cycle in 5 seconds...
  ThingsBoard Record 1559: SUCCESS
  ThingsBoard Record 1560: SUCCESS
  ThingsBoard Record 1561: SUCCESS
  ThingsBoard Record 1562: SUCCESS
  ThingsBoard Record 1563: SUCCESS


############################################################################
[2026-08-12 10:11:30] EDGE CYCLE
############################################################################

--- Edge status ---
Temperature : 29.3 °C
Humidity    : 46.0 %
Threshold   : 29.0 °C
State       : HIGH_TEMPERATURE
LED         : ON
Buzzer Event: False
Fan Power   : True
Fan Speed   : 2
Oscillation : False
  ThingsBoard Record 1564: SUCCESS

SQLite save : SUCCESS (Record 1571)

--- Cloud queue status ---
Total records       : 1571
Azure pending       : 25
ThingsBoard pending : 7

Next edge cycle in 5 seconds...
  ThingsBoard Record 1565: SUCCESS
Sync result:
Azure      : success=1, failed=0
ThingsBoard: success=20, failed=0
Database   : total=1571, azurePending=25, thingsboardPending=6


############################################################################
[2026-08-12 10:11:35] EDGE CYCLE
############################################################################
  DHT11 attempt 1/5 failed: Checksum did not validate. Try again.

--- Dual-cloud sync ---
Azure queue: 20 pending record(s)
  Azure Record 1547: SUCCESS
  Azure Record 1548: SUCCESS
  Azure Record 1549: SUCCESS
  Azure Record 1550: SUCCESS
  Azure Record 1551: SUCCESS
  Azure Record 1552: SUCCESS
  Azure Record 1553: SUCCESS
  Azure Record 1554: SUCCESS
  Azure Record 1555: SUCCESS
  Azure Record 1556: SUCCESS
  Azure Record 1557: SUCCESS
  Azure Record 1558: SUCCESS
  DHT11 attempt 2/5 failed: Checksum did not validate. Try again.
  Azure Record 1559: SUCCESS
  Azure Record 1560: SUCCESS
  Azure Record 1561: SUCCESS
  Azure Record 1562: SUCCESS
  Azure Record 1563: SUCCESS
  Azure Record 1564: SUCCESS
  Azure Record 1565: SUCCESS
  Azure Record 1566: SUCCESS
ThingsBoard queue: 6 pending record(s)
  ThingsBoard Record 1566: SUCCESS

====================================================================
STATE RECOVERED
HIGH_TEMPERATURE -> NORMAL
====================================================================
Environment recovered. Turning fan OFF...
Sending FAN POWER OFF...
Fan state: OFF.

--- Edge status ---
Temperature : 28.7 °C
Humidity    : 46.0 %
Threshold   : 29.0 °C
State       : NORMAL
LED         : OFF
Buzzer Event: False
Fan Power   : False
Fan Speed   : 1
Oscillation : False

SQLite save : SUCCESS (Record 1572)

--- Cloud queue status ---
Total records       : 1572
Azure pending       : 6
ThingsBoard pending : 6

Next edge cycle in 5 seconds...
  ThingsBoard Record 1567: SUCCESS
  ThingsBoard Record 1568: SUCCESS
  ThingsBoard Record 1569: SUCCESS
  ThingsBoard Record 1570: SUCCESS
  ThingsBoard Record 1571: SUCCESS
Sync result:
Azure      : success=20, failed=0
ThingsBoard: success=6, failed=0
Database   : total=1572, azurePending=6, thingsboardPending=1


############################################################################
[2026-08-12 10:11:45] EDGE CYCLE
############################################################################

--- Edge status ---
Temperature : 28.0 °C
Humidity    : 46.0 %
Threshold   : 29.0 °C
State       : NORMAL
LED         : OFF
Buzzer Event: False
Fan Power   : False
Fan Speed   : 1
Oscillation : False

SQLite save : SUCCESS (Record 1573)

--- Cloud queue status ---
Total records       : 1573
Azure pending       : 7
ThingsBoard pending : 2

Next edge cycle in 5 seconds...

--- Dual-cloud sync ---
Azure queue: 7 pending record(s)
  Azure Record 1567: SUCCESS
  Azure Record 1568: SUCCESS
  Azure Record 1569: SUCCESS
  Azure Record 1570: SUCCESS
  Azure Record 1571: SUCCESS
  Azure Record 1572: SUCCESS
  Azure Record 1573: SUCCESS
ThingsBoard queue: 2 pending record(s)


############################################################################
[2026-08-12 10:11:51] EDGE CYCLE
############################################################################

--- Edge status ---
Temperature : 28.3 °C
Humidity    : 46.0 %
Threshold   : 29.0 °C
State       : NORMAL
LED         : OFF
Buzzer Event: False
Fan Power   : False
Fan Speed   : 1
Oscillation : False

SQLite save : SUCCESS (Record 1574)

--- Cloud queue status ---
Total records       : 1574
Azure pending       : 1
ThingsBoard pending : 3

Next edge cycle in 5 seconds...
  ThingsBoard Record 1572: SUCCESS
  ThingsBoard Record 1573: SUCCESS
Sync result:
Azure      : success=7, failed=0
ThingsBoard: success=2, failed=0
Database   : total=1574, azurePending=1, thingsboardPending=1


############################################################################
[2026-08-12 10:11:56] EDGE CYCLE
############################################################################

--- Edge status ---
Temperature : 28.8 °C
Humidity    : 46.0 %
Threshold   : 29.0 °C
State       : NORMAL
LED         : OFF
Buzzer Event: False
Fan Power   : False
Fan Speed   : 1
Oscillation : False

SQLite save : SUCCESS (Record 1575)

--- Cloud queue status ---
Total records       : 1575
Azure pending       : 2
ThingsBoard pending : 2

Next edge cycle in 5 seconds...

--- Dual-cloud sync ---
Azure queue: 2 pending record(s)
  Azure Record 1574: SUCCESS
  Azure Record 1575: SUCCESS
ThingsBoard queue: 2 pending record(s)
  ThingsBoard Record 1574: SUCCESS
  ThingsBoard Record 1575: SUCCESS
Sync result:
Azure      : success=2, failed=0
ThingsBoard: success=2, failed=0
Database   : total=1575, azurePending=0, thingsboardPending=0


############################################################################
[2026-08-12 10:12:02] EDGE CYCLE
############################################################################
  DHT11 attempt 1/5 failed: Checksum did not validate. Try again.

--- Edge status ---
Temperature : 28.6 °C
Humidity    : 46.0 %
Threshold   : 29.0 °C
State       : NORMAL
LED         : OFF
Buzzer Event: False
Fan Power   : False
Fan Speed   : 1
Oscillation : False

SQLite save : SUCCESS (Record 1576)

--- Cloud queue status ---
Total records       : 1576
Azure pending       : 1
ThingsBoard pending : 1

Next edge cycle in 5 seconds...

--- Dual-cloud sync ---
Azure queue: 1 pending record(s)
  Azure Record 1576: SUCCESS
ThingsBoard queue: 1 pending record(s)
  ThingsBoard Record 1576: SUCCESS
Sync result:
Azure      : success=1, failed=0
ThingsBoard: success=1, failed=0
Database   : total=1576, azurePending=0, thingsboardPending=0


############################################################################
[2026-08-12 10:12:09] EDGE CYCLE
############################################################################
  DHT11 attempt 1/5 failed: Checksum did not validate. Try again.

--- Dual-cloud sync ---
Azure queue: empty
ThingsBoard queue: empty
Sync result:
Azure      : success=0, failed=0
ThingsBoard: success=0, failed=0
Database   : total=1576, azurePending=0, thingsboardPending=0

--- Edge status ---
Temperature : 28.2 °C
Humidity    : 46.0 %
Threshold   : 29.0 °C
State       : NORMAL
LED         : OFF
Buzzer Event: False
Fan Power   : False
Fan Speed   : 1
Oscillation : False

SQLite save : SUCCESS (Record 1577)

--- Cloud queue status ---
Total records       : 1577
Azure pending       : 1
ThingsBoard pending : 1

Next edge cycle in 5 seconds...

--- Dual-cloud sync ---
Azure queue: 1 pending record(s)
  Azure Record 1577: SUCCESS
ThingsBoard queue: 1 pending record(s)
  ThingsBoard Record 1577: SUCCESS
Sync result:
Azure      : success=1, failed=0
ThingsBoard: success=1, failed=0
Database   : total=1577, azurePending=0, thingsboardPending=0


############################################################################
[2026-08-12 10:12:17] EDGE CYCLE
############################################################################

--- Edge status ---
Temperature : 28.7 °C
Humidity    : 46.0 %
Threshold   : 29.0 °C
State       : NORMAL
LED         : OFF
Buzzer Event: False
Fan Power   : False
Fan Speed   : 1
Oscillation : False

SQLite save : SUCCESS (Record 1578)

--- Cloud queue status ---
Total records       : 1578
Azure pending       : 1
ThingsBoard pending : 1

Next edge cycle in 5 seconds...

--- Dual-cloud sync ---
Azure queue: 1 pending record(s)
  Azure Record 1578: SUCCESS
ThingsBoard queue: 1 pending record(s)


############################################################################
[2026-08-12 10:12:22] EDGE CYCLE
############################################################################
  ThingsBoard Record 1578: SUCCESS
Sync result:
Azure      : success=1, failed=0
ThingsBoard: success=1, failed=0
Database   : total=1578, azurePending=0, thingsboardPending=0

--- Edge status ---
Temperature : 28.2 °C
Humidity    : 46.0 %
Threshold   : 29.0 °C
State       : NORMAL
LED         : OFF
Buzzer Event: False
Fan Power   : False
Fan Speed   : 1
Oscillation : False

SQLite save : SUCCESS (Record 1579)

--- Cloud queue status ---
Total records       : 1579
Azure pending       : 1
ThingsBoard pending : 1

Next edge cycle in 5 seconds...

--- Dual-cloud sync ---
Azure queue: 1 pending record(s)


############################################################################
[2026-08-12 10:12:28] EDGE CYCLE
############################################################################
  Azure Record 1579: SUCCESS
ThingsBoard queue: 1 pending record(s)
  DHT11 attempt 1/5 failed: Checksum did not validate. Try again.
  ThingsBoard Record 1579: SUCCESS
Sync result:
Azure      : success=1, failed=0
ThingsBoard: success=1, failed=0
Database   : total=1579, azurePending=0, thingsboardPending=0

--- Edge status ---
Temperature : 28.6 °C
Humidity    : 46.0 %
Threshold   : 29.0 °C
State       : NORMAL
LED         : OFF
Buzzer Event: False
Fan Power   : False
Fan Speed   : 1
Oscillation : False

SQLite save : SUCCESS (Record 1580)

--- Cloud queue status ---
Total records       : 1580
Azure pending       : 1
ThingsBoard pending : 1

Next edge cycle in 5 seconds...

--- Dual-cloud sync ---
Azure queue: 1 pending record(s)
  Azure Record 1580: SUCCESS
ThingsBoard queue: 1 pending record(s)
  ThingsBoard Record 1580: SUCCESS
Sync result:
Azure      : success=1, failed=0
ThingsBoard: success=1, failed=0
Database   : total=1580, azurePending=0, thingsboardPending=0


############################################################################
[2026-08-12 10:12:36] EDGE CYCLE
############################################################################

--- Edge status ---
Temperature : 28.4 °C
Humidity    : 46.0 %
Threshold   : 29.0 °C
State       : NORMAL
LED         : OFF
Buzzer Event: False
Fan Power   : False
Fan Speed   : 1
Oscillation : False

SQLite save : SUCCESS (Record 1581)

--- Cloud queue status ---
Total records       : 1581
Azure pending       : 1
ThingsBoard pending : 1

Next edge cycle in 5 seconds...
